00-language-core/01-types/generics.test.ts(2,97): error TS2835: Relative import paths need explicit file extensions in ECMAScript imports when '--moduleResolution' is 'node16' or 'nodenext'. Did you mean './generics.js'?
00-language-core/02-variables/declarations.test.ts(2,79): error TS2835: Relative import paths need explicit file extensions in ECMAScript imports when '--moduleResolution' is 'node16' or 'nodenext'. Did you mean './declarations.js'?
00-language-core/04-functions/arrow-functions.test.ts(2,131): error TS2835: Relative import paths need explicit file extensions in ECMAScript imports when '--moduleResolution' is 'node16' or 'nodenext'. Did you mean './arrow-functions.js'?
00-language-core/05-objects-classes/classes-es6.test.ts(2,73): error TS2835: Relative import paths need explicit file extensions in ECMAScript imports when '--moduleResolution' is 'node16' or 'nodenext'. Did you mean './classes-es6.js'?
00-language-core/07-metaprogramming/proxies.test.ts(2,91): error TS2835: Relative import paths need explicit file extensions in ECMAScript imports when '--moduleResolution' is 'node16' or 'nodenext'. Did you mean './proxies.js'?
01-ecmascript-evolution/es2020/nullish-coalescing.test.ts(2,113): error TS2835: Relative import paths need explicit file extensions in ECMAScript imports when '--moduleResolution' is 'node16' or 'nodenext'. Did you mean './nullish-coalescing.js'?
01-ecmascript-evolution/es2020/optional-chaining.test.ts(2,105): error TS2835: Relative import paths need explicit file extensions in ECMAScript imports when '--moduleResolution' is 'node16' or 'nodenext'. Did you mean './optional-chaining.js'?
01-ecmascript-evolution/es2022/class-fields.test.ts(2,80): error TS2835: Relative import paths need explicit file extensions in ECMAScript imports when '--moduleResolution' is 'node16' or 'nodenext'. Did you mean './class-fields.js'?
01-ecmascript-evolution/es2023/array-methods.test.ts(2,90): error TS2835: Relative import paths need explicit file extensions in ECMAScript imports when '--moduleResolution' is 'node16' or 'nodenext'. Did you mean './array-methods.js'?
02-design-patterns/behavioral/chain-of-responsibility.test.ts(9,8): error TS2835: Relative import paths need explicit file extensions in ECMAScript imports when '--moduleResolution' is 'node16' or 'nodenext'. Did you mean './chain-of-responsibility.js'?
02-design-patterns/behavioral/command.test.ts(9,8): error TS2835: Relative import paths need explicit file extensions in ECMAScript imports when '--moduleResolution' is 'node16' or 'nodenext'. Did you mean './command.js'?
02-design-patterns/behavioral/interpreter.test.ts(15,8): error TS2835: Relative import paths need explicit file extensions in ECMAScript imports when '--moduleResolution' is 'node16' or 'nodenext'. Did you mean './interpreter.js'?
02-design-patterns/behavioral/iterator.test.ts(8,8): error TS2835: Relative import paths need explicit file extensions in ECMAScript imports when '--moduleResolution' is 'node16' or 'nodenext'. Did you mean './iterator.js'?
02-design-patterns/behavioral/mediator.test.ts(7,8): error TS2835: Relative import paths need explicit file extensions in ECMAScript imports when '--moduleResolution' is 'node16' or 'nodenext'. Did you mean './mediator.js'?
02-design-patterns/behavioral/memento.test.ts(8,8): error TS2835: Relative import paths need explicit file extensions in ECMAScript imports when '--moduleResolution' is 'node16' or 'nodenext'. Did you mean './memento.js'?
02-design-patterns/behavioral/observer.test.ts(2,81): error TS2835: Relative import paths need explicit file extensions in ECMAScript imports when '--moduleResolution' is 'node16' or 'nodenext'. Did you mean './observer.js'?
02-design-patterns/behavioral/observer.test.ts(8,44): error TS7006: Parameter 'msg' implicitly has an 'any' type.
02-design-patterns/behavioral/observer.test.ts(19,24): error TS7006: Parameter 'data' implicitly has an 'any' type.
02-design-patterns/behavioral/observer.test.ts(37,22): error TS7006: Parameter 'value' implicitly has an 'any' type.
02-design-patterns/behavioral/observer.test.ts(37,29): error TS7006: Parameter 'oldValue' implicitly has an 'any' type.
02-design-patterns/behavioral/observer.test.ts(47,29): error TS7006: Parameter 'data' implicitly has an 'any' type.
02-design-patterns/behavioral/observer.test.ts(60,49): error TS7006: Parameter 'prop' implicitly has an 'any' type.
02-design-patterns/behavioral/observer.test.ts(60,55): error TS7006: Parameter 'value' implicitly has an 'any' type.
02-design-patterns/behavioral/state.test.ts(6,8): error TS2835: Relative import paths need explicit file extensions in ECMAScript imports when '--moduleResolution' is 'node16' or 'nodenext'. Did you mean './state.js'?
02-design-patterns/behavioral/strategy.test.ts(2,121): error TS2835: Relative import paths need explicit file extensions in ECMAScript imports when '--moduleResolution' is 'node16' or 'nodenext'. Did you mean './strategy.js'?
02-design-patterns/behavioral/template-method.test.ts(8,8): error TS2835: Relative import paths need explicit file extensions in ECMAScript imports when '--moduleResolution' is 'node16' or 'nodenext'. Did you mean './template-method.js'?
02-design-patterns/behavioral/visitor.test.ts(11,8): error TS2835: Relative import paths need explicit file extensions in ECMAScript imports when '--moduleResolution' is 'node16' or 'nodenext'. Did you mean './visitor.js'?
02-design-patterns/creational/abstract-factory.test.ts(13,8): error TS2835: Relative import paths need explicit file extensions in ECMAScript imports when '--moduleResolution' is 'node16' or 'nodenext'. Did you mean './abstract-factory.js'?
02-design-patterns/creational/builder.test.ts(7,8): error TS2835: Relative import paths need explicit file extensions in ECMAScript imports when '--moduleResolution' is 'node16' or 'nodenext'. Did you mean './builder.js'?
02-design-patterns/creational/factory.test.ts(2,105): error TS2835: Relative import paths need explicit file extensions in ECMAScript imports when '--moduleResolution' is 'node16' or 'nodenext'. Did you mean './factory.js'?
02-design-patterns/creational/prototype.test.ts(9,8): error TS2835: Relative import paths need explicit file extensions in ECMAScript imports when '--moduleResolution' is 'node16' or 'nodenext'. Did you mean './prototype.js'?
02-design-patterns/creational/singleton.test.ts(2,104): error TS2835: Relative import paths need explicit file extensions in ECMAScript imports when '--moduleResolution' is 'node16' or 'nodenext'. Did you mean './singleton.js'?
02-design-patterns/js-ts-specific/typescript-specific-patterns.ts(1890,37): error TS2345: Argument of type '(data: T[K]) => void' is not assignable to parameter of type '(data: T[keyof T]) => void'.
  Types of parameters 'data' and 'data' are incompatible.
    Type 'T[keyof T]' is not assignable to type 'T[K]'.
      Type 'keyof T' is not assignable to type 'K'.
        'keyof T' is assignable to the constraint of type 'K', but 'K' could be instantiated with a different subtype of constraint 'string | number | symbol'.
          Type 'string | number | symbol' is not assignable to type 'K'.
            'string | number | symbol' is assignable to the constraint of type 'K', but 'K' could be instantiated with a different subtype of constraint 'string | number | symbol'.
              Type 'string' is not assignable to type 'K'.
                'string' is assignable to the constraint of type 'K', but 'K' could be instantiated with a different subtype of constraint 'string | number | symbol'.
02-design-patterns/js-ts-specific/typescript-specific-patterns.ts(1898,39): error TS2345: Argument of type '(data: T[K]) => void' is not assignable to parameter of type '(data: T[keyof T]) => void'.
  Types of parameters 'data' and 'data' are incompatible.
    Type 'T[keyof T]' is not assignable to type 'T[K]'.
      Type 'keyof T' is not assignable to type 'K'.
        'keyof T' is assignable to the constraint of type 'K', but 'K' could be instantiated with a different subtype of constraint 'string | number | symbol'.
          Type 'string | number | symbol' is not assignable to type 'K'.
            'string | number | symbol' is assignable to the constraint of type 'K', but 'K' could be instantiated with a different subtype of constraint 'string | number | symbol'.
              Type 'string' is not assignable to type 'K'.
                'string' is assignable to the constraint of type 'K', but 'K' could be instantiated with a different subtype of constraint 'string | number | symbol'.
02-design-patterns/structural/adapter.test.ts(2,111): error TS2835: Relative import paths need explicit file extensions in ECMAScript imports when '--moduleResolution' is 'node16' or 'nodenext'. Did you mean './adapter.js'?
02-design-patterns/structural/bridge.test.ts(11,8): error TS2835: Relative import paths need explicit file extensions in ECMAScript imports when '--moduleResolution' is 'node16' or 'nodenext'. Did you mean './bridge.js'?
02-design-patterns/structural/composite.test.ts(10,8): error TS2835: Relative import paths need explicit file extensions in ECMAScript imports when '--moduleResolution' is 'node16' or 'nodenext'. Did you mean './composite.js'?
02-design-patterns/structural/decorator.test.ts(2,98): error TS2835: Relative import paths need explicit file extensions in ECMAScript imports when '--moduleResolution' is 'node16' or 'nodenext'. Did you mean './decorator.js'?
02-design-patterns/structural/facade.test.ts(6,8): error TS2835: Relative import paths need explicit file extensions in ECMAScript imports when '--moduleResolution' is 'node16' or 'nodenext'. Did you mean './facade.js'?
02-design-patterns/structural/flyweight.test.ts(8,8): error TS2835: Relative import paths need explicit file extensions in ECMAScript imports when '--moduleResolution' is 'node16' or 'nodenext'. Did you mean './flyweight.js'?
02-design-patterns/structural/proxy.test.ts(11,8): error TS2835: Relative import paths need explicit file extensions in ECMAScript imports when '--moduleResolution' is 'node16' or 'nodenext'. Did you mean './proxy.js'?
03-concurrency/async-await/async-patterns.test.ts(2,54): error TS2835: Relative import paths need explicit file extensions in ECMAScript imports when '--moduleResolution' is 'node16' or 'nodenext'. Did you mean './async-patterns.js'?
03-concurrency/event-loop/event-loop-demo.test.ts(2,66): error TS2835: Relative import paths need explicit file extensions in ECMAScript imports when '--moduleResolution' is 'node16' or 'nodenext'. Did you mean './event-loop-demo.js'?
03-concurrency/promises/promise-implementation.test.ts(2,27): error TS2835: Relative import paths need explicit file extensions in ECMAScript imports when '--moduleResolution' is 'node16' or 'nodenext'. Did you mean './promise-implementation.js'?
03-concurrency/promises/promise-implementation.test.ts(6,38): error TS7006: Parameter 'resolve' implicitly has an 'any' type.
03-concurrency/promises/promise-implementation.test.ts(12,38): error TS7006: Parameter '_' implicitly has an 'any' type.
03-concurrency/promises/promise-implementation.test.ts(12,41): error TS7006: Parameter 'reject' implicitly has an 'any' type.
03-concurrency/promises/promise-implementation.test.ts(17,38): error TS7006: Parameter 'resolve' implicitly has an 'any' type.
03-concurrency/promises/promise-implementation.test.ts(18,34): error TS7006: Parameter 'x' implicitly has an 'any' type.
03-concurrency/promises/promise-implementation.test.ts(23,38): error TS7006: Parameter '_' implicitly has an 'any' type.
03-concurrency/promises/promise-implementation.test.ts(23,41): error TS7006: Parameter 'reject' implicitly has an 'any' type.
03-concurrency/promises/promise-implementation.test.ts(30,38): error TS7006: Parameter 'resolve' implicitly has an 'any' type.
03-concurrency/promises/promise-implementation.test.ts(64,30): error TS7006: Parameter 'resolve' implicitly has an 'any' type.
03-concurrency/promises/promise-implementation.test.ts(65,30): error TS7006: Parameter 'resolve' implicitly has an 'any' type.
03-concurrency/promises/promise-patterns.test.ts(2,65): error TS2835: Relative import paths need explicit file extensions in ECMAScript imports when '--moduleResolution' is 'node16' or 'nodenext'. Did you mean './promise-patterns.js'?
03-concurrency/promises/promise-patterns.test.ts(23,14): error TS7006: Parameter 'x' implicitly has an 'any' type.
03-concurrency/promises/promise-patterns.test.ts(24,14): error TS7006: Parameter 'x' implicitly has an 'any' type.
03-concurrency/promises/promise-patterns.test.ts(25,14): error TS7006: Parameter 'x' implicitly has an 'any' type.
04-data-structures/built-in/map-set.test.ts(11,8): error TS2835: Relative import paths need explicit file extensions in ECMAScript imports when '--moduleResolution' is 'node16' or 'nodenext'. Did you mean './map-set.js'?
04-data-structures/custom/graph.test.ts(2,81): error TS2835: Relative import paths need explicit file extensions in ECMAScript imports when '--moduleResolution' is 'node16' or 'nodenext'. Did you mean './graph.js'?
04-data-structures/custom/heap.test.ts(2,83): error TS2835: Relative import paths need explicit file extensions in ECMAScript imports when '--moduleResolution' is 'node16' or 'nodenext'. Did you mean './heap.js'?
04-data-structures/custom/heap.test.ts(29,48): error TS7006: Parameter 'a' implicitly has an 'any' type.
04-data-structures/custom/heap.test.ts(29,51): error TS7006: Parameter 'b' implicitly has an 'any' type.
04-data-structures/custom/heap.test.ts(55,55): error TS7006: Parameter 'a' implicitly has an 'any' type.
04-data-structures/custom/heap.test.ts(55,58): error TS7006: Parameter 'b' implicitly has an 'any' type.
04-data-structures/custom/linked-list.test.ts(2,91): error TS2835: Relative import paths need explicit file extensions in ECMAScript imports when '--moduleResolution' is 'node16' or 'nodenext'. Did you mean './linked-list.js'?
04-data-structures/custom/linked-list.test.ts(16,24): error TS7006: Parameter 'x' implicitly has an 'any' type.
04-data-structures/custom/linked-list.test.ts(17,24): error TS7006: Parameter 'x' implicitly has an 'any' type.
04-data-structures/custom/stack-queue.test.ts(10,8): error TS2835: Relative import paths need explicit file extensions in ECMAScript imports when '--moduleResolution' is 'node16' or 'nodenext'. Did you mean './stack-queue.js'?
04-data-structures/custom/tree-traversal.test.ts(12,8): error TS2835: Relative import paths need explicit file extensions in ECMAScript imports when '--moduleResolution' is 'node16' or 'nodenext'. Did you mean './tree-traversal.js'?
05-algorithms/dynamic-programming/fibonacci-dp.test.ts(12,8): error TS2835: Relative import paths need explicit file extensions in ECMAScript imports when '--moduleResolution' is 'node16' or 'nodenext'. Did you mean './fibonacci-dp.js'?
05-algorithms/graph/bfs-dfs.test.ts(11,8): error TS2835: Relative import paths need explicit file extensions in ECMAScript imports when '--moduleResolution' is 'node16' or 'nodenext'. Did you mean './bfs-dfs.js'?
05-algorithms/recursion/fibonacci.test.ts(11,8): error TS2835: Relative import paths need explicit file extensions in ECMAScript imports when '--moduleResolution' is 'node16' or 'nodenext'. Did you mean './fibonacci.js'?
05-algorithms/searching/binary-search.test.ts(9,8): error TS2835: Relative import paths need explicit file extensions in ECMAScript imports when '--moduleResolution' is 'node16' or 'nodenext'. Did you mean './binary-search.js'?
05-algorithms/searching/binary-search.test.ts(29,45): error TS7006: Parameter 'a' implicitly has an 'any' type.
05-algorithms/searching/binary-search.test.ts(29,48): error TS7006: Parameter 'b' implicitly has an 'any' type.
05-algorithms/sorting/merge-sort.test.ts(2,51): error TS2835: Relative import paths need explicit file extensions in ECMAScript imports when '--moduleResolution' is 'node16' or 'nodenext'. Did you mean './merge-sort.js'?
05-algorithms/sorting/merge-sort.test.ts(17,56): error TS7006: Parameter 'a' implicitly has an 'any' type.
05-algorithms/sorting/merge-sort.test.ts(17,59): error TS7006: Parameter 'b' implicitly has an 'any' type.
05-algorithms/sorting/merge-sort.test.ts(27,40): error TS7006: Parameter 'a' implicitly has an 'any' type.
05-algorithms/sorting/merge-sort.test.ts(27,43): error TS7006: Parameter 'b' implicitly has an 'any' type.
05-algorithms/sorting/merge-sort.test.ts(28,25): error TS7006: Parameter 'i' implicitly has an 'any' type.
05-algorithms/sorting/quick-sort.test.ts(2,71): error TS2835: Relative import paths need explicit file extensions in ECMAScript imports when '--moduleResolution' is 'node16' or 'nodenext'. Did you mean './quick-sort.js'?
05-algorithms/sorting/quick-sort.test.ts(17,56): error TS7006: Parameter 'a' implicitly has an 'any' type.
05-algorithms/sorting/quick-sort.test.ts(17,59): error TS7006: Parameter 'b' implicitly has an 'any' type.
05-algorithms/sorting/quick-sort.test.ts(27,41): error TS7006: Parameter 'a' implicitly has an 'any' type.
05-algorithms/sorting/quick-sort.test.ts(27,44): error TS7006: Parameter 'b' implicitly has an 'any' type.
05-algorithms/sorting/quick-sort.test.ts(28,25): error TS7006: Parameter 'p' implicitly has an 'any' type.
06-architecture-patterns/cqrs/cqrs-pattern.test.ts(2,68): error TS2835: Relative import paths need explicit file extensions in ECMAScript imports when '--moduleResolution' is 'node16' or 'nodenext'. Did you mean './cqrs-pattern.js'?
06-architecture-patterns/layered/index.test.ts(2,83): error TS2835: Relative import paths need explicit file extensions in ECMAScript imports when '--moduleResolution' is 'node16' or 'nodenext'. Did you mean './index.js'?
06-architecture-patterns/mvc/mvc-architecture.test.ts(2,60): error TS2835: Relative import paths need explicit file extensions in ECMAScript imports when '--moduleResolution' is 'node16' or 'nodenext'. Did you mean './mvc-architecture.js'?
06-architecture-patterns/mvvm/mvvm-architecture.test.ts(2,76): error TS2835: Relative import paths need explicit file extensions in ECMAScript imports when '--moduleResolution' is 'node16' or 'nodenext'. Did you mean './mvvm-architecture.js'?
06-architecture-patterns/mvvm/mvvm-architecture.test.ts(44,45): error TS7006: Parameter 'p' implicitly has an 'any' type.
06-architecture-patterns/mvvm/mvvm-architecture.test.ts(46,45): error TS7006: Parameter 'p' implicitly has an 'any' type.
07-testing/e2e-testing.test.ts(11,8): error TS2835: Relative import paths need explicit file extensions in ECMAScript imports when '--moduleResolution' is 'node16' or 'nodenext'. Did you mean './e2e-testing.js'?
07-testing/e2e-testing.test.ts(83,60): error TS7006: Parameter '_browser' implicitly has an 'any' type.
07-testing/e2e-testing.test.ts(83,70): error TS7006: Parameter 'page' implicitly has an 'any' type.
07-testing/e2e-testing.test.ts(99,28): error TS7006: Parameter 'ctx' implicitly has an 'any' type.
07-testing/integration-testing.test.ts(9,8): error TS2835: Relative import paths need explicit file extensions in ECMAScript imports when '--moduleResolution' is 'node16' or 'nodenext'. Did you mean './integration-testing.js'?
07-testing/integration-testing.test.ts(27,50): error TS7006: Parameter 'trx' implicitly has an 'any' type.
07-testing/integration-testing.test.ts(61,42): error TS7006: Parameter 'body' implicitly has an 'any' type.
07-testing/mock-stub.test.ts(13,8): error TS2835: Relative import paths need explicit file extensions in ECMAScript imports when '--moduleResolution' is 'node16' or 'nodenext'. Did you mean './mock-stub.js'?
07-testing/tdd-bdd.test.ts(10,8): error TS2835: Relative import paths need explicit file extensions in ECMAScript imports when '--moduleResolution' is 'node16' or 'nodenext'. Did you mean './tdd-bdd.js'?
07-testing/tdd-bdd.test.ts(90,28): error TS7006: Parameter 'ctx' implicitly has an 'any' type.
07-testing/tdd-bdd.test.ts(91,32): error TS7006: Parameter 'ctx' implicitly has an 'any' type.
07-testing/unit-test-patterns.test.ts(16,8): error TS2835: Relative import paths need explicit file extensions in ECMAScript imports when '--moduleResolution' is 'node16' or 'nodenext'. Did you mean './unit-test-patterns.js'?
07-testing/unit-test-patterns.test.ts(120,11): error TS7031: Binding element 'a' implicitly has an 'any' type.
07-testing/unit-test-patterns.test.ts(120,14): error TS7031: Binding element 'b' implicitly has an 'any' type.
07-testing/unit-test-patterns.test.ts(129,10): error TS7006: Parameter 'n' implicitly has an 'any' type.
08-performance/bundle-optimization.test.ts(11,8): error TS2835: Relative import paths need explicit file extensions in ECMAScript imports when '--moduleResolution' is 'node16' or 'nodenext'. Did you mean './bundle-optimization.js'?
08-performance/bundle-optimization.ts(17,3): error TS2741: Property '__promisify__' is missing in type '(cb: () => void) => NodeJS.Timeout' but required in type 'typeof setTimeout'.
08-performance/memory-management.test.ts(10,8): error TS2835: Relative import paths need explicit file extensions in ECMAScript imports when '--moduleResolution' is 'node16' or 'nodenext'. Did you mean './memory-management.js'?
08-performance/memory-management.test.ts(80,66): error TS7006: Parameter 'chunk' implicitly has an 'any' type.
08-performance/memory-management.test.ts(80,86): error TS7006: Parameter 'x' implicitly has an 'any' type.
08-performance/network-optimization.test.ts(10,8): error TS2835: Relative import paths need explicit file extensions in ECMAScript imports when '--moduleResolution' is 'node16' or 'nodenext'. Did you mean './network-optimization.js'?
08-performance/network-optimization.test.ts(41,16): error TS7006: Parameter 'items' implicitly has an 'any' type.
08-performance/network-optimization.test.ts(43,28): error TS7006: Parameter 'x' implicitly has an 'any' type.
08-performance/network-optimization.test.ts(56,16): error TS7006: Parameter 'items' implicitly has an 'any' type.
08-performance/network-optimization.test.ts(56,36): error TS7006: Parameter 'x' implicitly has an 'any' type.
08-performance/optimization-patterns.test.ts(12,8): error TS2835: Relative import paths need explicit file extensions in ECMAScript imports when '--moduleResolution' is 'node16' or 'nodenext'. Did you mean './optimization-patterns.js'?
08-performance/optimization-patterns.test.ts(83,52): error TS7006: Parameter 'key' implicitly has an 'any' type.
08-performance/optimization-patterns.test.ts(96,52): error TS7006: Parameter 'key' implicitly has an 'any' type.
08-performance/rendering-optimization.test.ts(9,8): error TS2835: Relative import paths need explicit file extensions in ECMAScript imports when '--moduleResolution' is 'node16' or 'nodenext'. Did you mean './rendering-optimization.js'?
08-performance/rendering-optimization.test.ts(22,9): error TS2349: This expression is not callable.
  Type 'TestContext' has no call signatures.
08-performance/rendering-optimization.test.ts(78,9): error TS2349: This expression is not callable.
  Type 'TestContext' has no call signatures.
08-performance/rendering-optimization.test.ts(101,9): error TS2349: This expression is not callable.
  Type 'TestContext' has no call signatures.
08-performance/rendering-optimization.ts(17,3): error TS2741: Property '__promisify__' is missing in type '(cb: () => void) => NodeJS.Timeout' but required in type 'typeof setTimeout'.
08-performance/rendering-optimization.ts(20,3): error TS2322: Type '(id: number) => void' is not assignable to type '{ (id: number | undefined): void; (timeout: string | number | Timeout | undefined): void; }'.
  Types of parameters 'id' and 'id' are incompatible.
    Type 'number | undefined' is not assignable to type 'number'.
      Type 'undefined' is not assignable to type 'number'.
09-real-world-examples/auth-system/auth-manager.test.ts(10,8): error TS2835: Relative import paths need explicit file extensions in ECMAScript imports when '--moduleResolution' is 'node16' or 'nodenext'. Did you mean './auth-manager.js'?
09-real-world-examples/auth-system/auth-manager.test.ts(76,3): error TS2304: Cannot find name 'afterEach'.
09-real-world-examples/cli-tools/command-parser.test.ts(2,66): error TS2835: Relative import paths need explicit file extensions in ECMAScript imports when '--moduleResolution' is 'node16' or 'nodenext'. Did you mean './command-parser.js'?
09-real-world-examples/cli-tools/command-parser.test.ts(91,5): error TS2322: Type 'MockInstance<{ (buffer: string | Uint8Array<ArrayBufferLike>, cb?: ((err?: Error | null | undefined) => void) | undefined): boolean; (str: string | Uint8Array<...>, encoding?: BufferEncoding | undefined, cb?: ((err?: Error | ... 1 more ... | undefined) => void) | undefined): boolean; }>' is not assignable to type 'MockInstance<(this: unknown, ...args: unknown[]) => unknown>'.
  Types of property 'mock' are incompatible.
    Type 'MockContext<{ (buffer: string | Uint8Array<ArrayBufferLike>, cb?: ((err?: Error | null | undefined) => void) | undefined): boolean; (str: string | Uint8Array<...>, encoding?: BufferEncoding | undefined, cb?: ((err?: Error | ... 1 more ... | undefined) => void) | undefined): boolean; }>' is not assignable to type 'MockContext<(this: unknown, ...args: unknown[]) => unknown>'.
      Type '{ (buffer: string | Uint8Array<ArrayBufferLike>, cb?: ((err?: Error | null | undefined) => void) | undefined): boolean; (str: string | Uint8Array<ArrayBufferLike>, encoding?: BufferEncoding | undefined, cb?: ((err?: Error | ... 1 more ... | undefined) => void) | undefined): boolean; }' is not assignable to type '(this: unknown, ...args: unknown[]) => unknown'.
        Types of parameters 'buffer' and 'args' are incompatible.
          Type 'unknown' is not assignable to type 'string | Uint8Array<ArrayBufferLike>'.
09-real-world-examples/data-processing/pipeline.test.ts(12,8): error TS2835: Relative import paths need explicit file extensions in ECMAScript imports when '--moduleResolution' is 'node16' or 'nodenext'. Did you mean './pipeline.js'?
09-real-world-examples/data-processing/pipeline.test.ts(17,48): error TS7006: Parameter 'x' implicitly has an 'any' type.
09-real-world-examples/data-processing/pipeline.test.ts(24,48): error TS7006: Parameter 'x' implicitly has an 'any' type.
09-real-world-examples/data-processing/pipeline.test.ts(25,48): error TS7006: Parameter 'x' implicitly has an 'any' type.
09-real-world-examples/data-processing/pipeline.test.ts(43,13): error TS7006: Parameter 'v' implicitly has an 'any' type.
09-real-world-examples/data-processing/pipeline.test.ts(44,12): error TS7006: Parameter 'v' implicitly has an 'any' type.
09-real-world-examples/data-processing/pipeline.test.ts(52,13): error TS7006: Parameter 'v' implicitly has an 'any' type.
09-real-world-examples/data-processing/pipeline.test.ts(61,43): error TS7006: Parameter 'x' implicitly has an 'any' type.
09-real-world-examples/data-processing/pipeline.test.ts(68,54): error TS7006: Parameter 'nums' implicitly has an 'any' type.
09-real-world-examples/data-processing/pipeline.test.ts(68,75): error TS7006: Parameter 'a' implicitly has an 'any' type.
09-real-world-examples/data-processing/pipeline.test.ts(68,78): error TS7006: Parameter 'b' implicitly has an 'any' type.
09-real-world-examples/data-processing/pipeline.test.ts(92,13): error TS7006: Parameter 'v' implicitly has an 'any' type.
09-real-world-examples/data-processing/pipeline.test.ts(128,67): error TS7006: Parameter 'batch' implicitly has an 'any' type.
09-real-world-examples/data-processing/pipeline.test.ts(129,17): error TS7006: Parameter 'x' implicitly has an 'any' type.
09-real-world-examples/data-processing/pipeline.test.ts(137,67): error TS7006: Parameter 'batch' implicitly has an 'any' type.
09-real-world-examples/data-processing/pipeline.test.ts(138,17): error TS7006: Parameter 'x' implicitly has an 'any' type.
09-real-world-examples/event-bus/event-bus.test.ts(8,8): error TS2835: Relative import paths need explicit file extensions in ECMAScript imports when '--moduleResolution' is 'node16' or 'nodenext'. Did you mean './event-bus.js'?
09-real-world-examples/event-bus/event-bus.test.ts(47,15): error TS7006: Parameter 'e' implicitly has an 'any' type.
09-real-world-examples/event-bus/event-bus.test.ts(57,53): error TS7006: Parameter 'e' implicitly has an 'any' type.
09-real-world-examples/event-bus/event-bus.test.ts(77,36): error TS7006: Parameter 'r' implicitly has an 'any' type.
09-real-world-examples/state-management/state-manager.test.ts(13,8): error TS2835: Relative import paths need explicit file extensions in ECMAScript imports when '--moduleResolution' is 'node16' or 'nodenext'. Did you mean './state-manager.js'?
09-real-world-examples/state-management/state-manager.test.ts(73,46): error TS7006: Parameter 'next' implicitly has an 'any' type.
09-real-world-examples/state-management/state-manager.test.ts(73,56): error TS7006: Parameter 'action' implicitly has an 'any' type.
09-real-world-examples/validation/validator.test.ts(15,8): error TS2835: Relative import paths need explicit file extensions in ECMAScript imports when '--moduleResolution' is 'node16' or 'nodenext'. Did you mean './validator.js'?
09-real-world-examples/validation/validator.test.ts(45,55): error TS7006: Parameter 'value' implicitly has an 'any' type.
09-real-world-examples/web-server/basic-server.test.ts(2,96): error TS2835: Relative import paths need explicit file extensions in ECMAScript imports when '--moduleResolution' is 'node16' or 'nodenext'. Did you mean './basic-server.js'?
10-js-ts-comparison/interoperability/js-ts-interop.test.ts(12,8): error TS2835: Relative import paths need explicit file extensions in ECMAScript imports when '--moduleResolution' is 'node16' or 'nodenext'. Did you mean './js-ts-interop.js'?
10-js-ts-comparison/js-implementations/factory-js.test.ts(9,8): error TS2835: Relative import paths need explicit file extensions in ECMAScript imports when '--moduleResolution' is 'node16' or 'nodenext'. Did you mean './factory-js.js'?
10-js-ts-comparison/js-implementations/factory-js.test.ts(39,7): error TS2578: Unused '@ts-expect-error' directive.
10-js-ts-comparison/js-implementations/factory-js.test.ts(64,5): error TS2578: Unused '@ts-expect-error' directive.
10-js-ts-comparison/js-implementations/factory-js.test.ts(69,5): error TS2578: Unused '@ts-expect-error' directive.
10-js-ts-comparison/js-implementations/observer-js.test.ts(7,8): error TS2835: Relative import paths need explicit file extensions in ECMAScript imports when '--moduleResolution' is 'node16' or 'nodenext'. Did you mean './observer-js.js'?
10-js-ts-comparison/js-implementations/observer-js.test.ts(109,5): error TS2578: Unused '@ts-expect-error' directive.
10-js-ts-comparison/js-implementations/observer-js.test.ts(119,50): error TS7006: Parameter 'v' implicitly has an 'any' type.
10-js-ts-comparison/js-implementations/observer-js.test.ts(123,55): error TS7006: Parameter 'v' implicitly has an 'any' type.
10-js-ts-comparison/js-implementations/singleton-js.test.ts(5,8): error TS2835: Relative import paths need explicit file extensions in ECMAScript imports when '--moduleResolution' is 'node16' or 'nodenext'. Did you mean './singleton-js.js'?
10-js-ts-comparison/js-implementations/singleton-js.test.ts(43,5): error TS2578: Unused '@ts-expect-error' directive.
10-js-ts-comparison/js-implementations/singleton-js.test.ts(49,5): error TS2578: Unused '@ts-expect-error' directive.
10-js-ts-comparison/semantic-models/compiler-phase-demo.test.ts(2,50): error TS2835: Relative import paths need explicit file extensions in ECMAScript imports when '--moduleResolution' is 'node16' or 'nodenext'. Did you mean './compiler-phase-demo.js'?
10-js-ts-comparison/semantic-models/compiler-phase-demo.test.ts(19,32): error TS7006: Parameter 't' implicitly has an 'any' type.
10-js-ts-comparison/semantic-models/gradual-boundary-demo.test.ts(2,74): error TS2835: Relative import paths need explicit file extensions in ECMAScript imports when '--moduleResolution' is 'node16' or 'nodenext'. Did you mean './gradual-boundary-demo.js'?
10-js-ts-comparison/semantic-models/type-erasure-demo.test.ts(2,28): error TS2835: Relative import paths need explicit file extensions in ECMAScript imports when '--moduleResolution' is 'node16' or 'nodenext'. Did you mean './type-erasure-demo.js'?
10-js-ts-comparison/semantic-models/variance-demo.test.ts(16,8): error TS2835: Relative import paths need explicit file extensions in ECMAScript imports when '--moduleResolution' is 'node16' or 'nodenext'. Did you mean './variance-demo.js'?
10-js-ts-comparison/semantic-models/variance-demo.test.ts(42,43): error TS7006: Parameter 'a' implicitly has an 'any' type.
10-js-ts-comparison/semantic-models/variance-demo.test.ts(81,17): error TS7006: Parameter 'a' implicitly has an 'any' type.
10-js-ts-comparison/syntax-mapping/function-mapping.ts(11,16): error TS7006: Parameter 'a' implicitly has an 'any' type.
10-js-ts-comparison/syntax-mapping/function-mapping.ts(11,19): error TS7006: Parameter 'b' implicitly has an 'any' type.
10-js-ts-comparison/syntax-mapping/function-mapping.ts(15,21): error TS7006: Parameter 'x' implicitly has an 'any' type.
10-js-ts-comparison/syntax-mapping/function-mapping.ts(17,18): error TS7006: Parameter 'greeting' implicitly has an 'any' type.
10-js-ts-comparison/syntax-mapping/function-mapping.ts(17,28): error TS7006: Parameter 'name' implicitly has an 'any' type.
10-js-ts-comparison/syntax-mapping/module-mapping.ts(43,28): error TS2835: Relative import paths need explicit file extensions in ECMAScript imports when '--moduleResolution' is 'node16' or 'nodenext'. Did you mean './module-mapping.js'?
10-js-ts-comparison/type-theory/formal-type-system.test.ts(9,8): error TS2835: Relative import paths need explicit file extensions in ECMAScript imports when '--moduleResolution' is 'node16' or 'nodenext'. Did you mean './formal-type-system.js'?
10-js-ts-comparison/type-theory/formal-type-system.test.ts(10,37): error TS2835: Relative import paths need explicit file extensions in ECMAScript imports when '--moduleResolution' is 'node16' or 'nodenext'. Did you mean './formal-type-system.js'?
11-benchmarks/js-vs-ts-performance.test.ts(2,48): error TS2835: Relative import paths need explicit file extensions in ECMAScript imports when '--moduleResolution' is 'node16' or 'nodenext'. Did you mean './js-vs-ts-performance.js'?
12-package-management/monorepo-workspaces.test.ts(6,8): error TS2835: Relative import paths need explicit file extensions in ECMAScript imports when '--moduleResolution' is 'node16' or 'nodenext'. Did you mean './monorepo-workspaces.js'?
12-package-management/monorepo-workspaces.test.ts(7,39): error TS2835: Relative import paths need explicit file extensions in ECMAScript imports when '--moduleResolution' is 'node16' or 'nodenext'. Did you mean './monorepo-workspaces.js'?
12-package-management/npm-basics.test.ts(7,8): error TS2835: Relative import paths need explicit file extensions in ECMAScript imports when '--moduleResolution' is 'node16' or 'nodenext'. Did you mean './npm-basics.js'?
12-package-management/npm-basics.test.ts(8,34): error TS2835: Relative import paths need explicit file extensions in ECMAScript imports when '--moduleResolution' is 'node16' or 'nodenext'. Did you mean './npm-basics.js'?
12-package-management/npm-basics.test.ts(103,24): error TS7006: Parameter 'e' implicitly has an 'any' type.
12-package-management/npm-basics.test.ts(110,24): error TS7006: Parameter 'e' implicitly has an 'any' type.
12-package-management/npm-basics.test.ts(117,24): error TS7006: Parameter 'e' implicitly has an 'any' type.
13-code-organization/project-structure.test.ts(2,120): error TS2835: Relative import paths need explicit file extensions in ECMAScript imports when '--moduleResolution' is 'node16' or 'nodenext'. Did you mean './project-structure.js'?
14-execution-flow/event-loop-deep-dive.test.ts(9,8): error TS2835: Relative import paths need explicit file extensions in ECMAScript imports when '--moduleResolution' is 'node16' or 'nodenext'. Did you mean './event-loop-deep-dive.js'?
15-data-flow/reactive-programming.test.ts(9,8): error TS2835: Relative import paths need explicit file extensions in ECMAScript imports when '--moduleResolution' is 'node16' or 'nodenext'. Did you mean './reactive-programming.js'?
15-data-flow/reactive-programming.test.ts(13,40): error TS7006: Parameter 'observer' implicitly has an 'any' type.
15-data-flow/reactive-programming.test.ts(20,27): error TS7006: Parameter 'v' implicitly has an 'any' type.
15-data-flow/reactive-programming.test.ts(26,44): error TS7006: Parameter 'x' implicitly has an 'any' type.
15-data-flow/reactive-programming.test.ts(28,27): error TS7006: Parameter 'v' implicitly has an 'any' type.
15-data-flow/reactive-programming.test.ts(34,50): error TS7006: Parameter 'x' implicitly has an 'any' type.
15-data-flow/reactive-programming.test.ts(36,27): error TS7006: Parameter 'v' implicitly has an 'any' type.
15-data-flow/reactive-programming.test.ts(44,27): error TS7006: Parameter 'v' implicitly has an 'any' type.
15-data-flow/reactive-programming.test.ts(53,27): error TS7006: Parameter 'v' implicitly has an 'any' type.
15-data-flow/reactive-programming.test.ts(60,40): error TS7006: Parameter 'observer' implicitly has an 'any' type.
15-data-flow/reactive-programming.test.ts(72,40): error TS7006: Parameter 'observer' implicitly has an 'any' type.
15-data-flow/reactive-programming.test.ts(79,27): error TS7006: Parameter 'v' implicitly has an 'any' type.
15-data-flow/reactive-programming.test.ts(88,40): error TS7006: Parameter 'observer' implicitly has an 'any' type.
15-data-flow/reactive-programming.test.ts(95,27): error TS7006: Parameter 'v' implicitly has an 'any' type.
15-data-flow/reactive-programming.test.ts(169,18): error TS7031: Binding element 'a' implicitly has an 'any' type.
15-data-flow/reactive-programming.test.ts(169,21): error TS7031: Binding element 'b' implicitly has an 'any' type.
15-data-flow/reactive-programming.test.ts(182,18): error TS7031: Binding element 'a' implicitly has an 'any' type.
15-data-flow/reactive-programming.test.ts(188,18): error TS7031: Binding element 'd' implicitly has an 'any' type.
16-application-development/error-handling.test.ts(2,84): error TS2835: Relative import paths need explicit file extensions in ECMAScript imports when '--moduleResolution' is 'node16' or 'nodenext'. Did you mean './error-handling.js'?
17-debugging-monitoring/performance-profiling.test.ts(2,72): error TS2835: Relative import paths need explicit file extensions in ECMAScript imports when '--moduleResolution' is 'node16' or 'nodenext'. Did you mean './performance-profiling.js'?
18-frontend-frameworks/router-implementation.test.ts(2,73): error TS2835: Relative import paths need explicit file extensions in ECMAScript imports when '--moduleResolution' is 'node16' or 'nodenext'. Did you mean './router-implementation.js'?
18-frontend-frameworks/router-implementation.test.ts(23,5): error TS2578: Unused '@ts-expect-error' directive.
18-frontend-frameworks/router-implementation.test.ts(31,5): error TS2578: Unused '@ts-expect-error' directive.
18-frontend-frameworks/router-implementation.test.ts(38,5): error TS2578: Unused '@ts-expect-error' directive.
18-frontend-frameworks/router-implementation.test.ts(45,59): error TS7006: Parameter 'to' implicitly has an 'any' type.
18-frontend-frameworks/router-implementation.test.ts(45,63): error TS7006: Parameter 'from' implicitly has an 'any' type.
18-frontend-frameworks/router-implementation.test.ts(45,69): error TS7006: Parameter 'next' implicitly has an 'any' type.
18-frontend-frameworks/router-implementation.test.ts(48,5): error TS2578: Unused '@ts-expect-error' directive.
18-frontend-frameworks/router-implementation.test.ts(55,59): error TS7006: Parameter 'to' implicitly has an 'any' type.
18-frontend-frameworks/router-implementation.test.ts(55,63): error TS7006: Parameter 'from' implicitly has an 'any' type.
18-frontend-frameworks/router-implementation.test.ts(55,69): error TS7006: Parameter 'next' implicitly has an 'any' type.
18-frontend-frameworks/router-implementation.test.ts(58,5): error TS2578: Unused '@ts-expect-error' directive.
18-frontend-frameworks/state-management.test.ts(8,8): error TS2835: Relative import paths need explicit file extensions in ECMAScript imports when '--moduleResolution' is 'node16' or 'nodenext'. Did you mean './state-management.js'?
18-frontend-frameworks/state-management.test.ts(97,34): error TS7006: Parameter 'state' implicitly has an 'any' type.
18-frontend-frameworks/state-management.test.ts(105,8): error TS7006: Parameter 'count' implicitly has an 'any' type.
18-frontend-frameworks/state-management.test.ts(157,22): error TS7006: Parameter 'action' implicitly has an 'any' type.
18-frontend-frameworks/state-management.test.ts(158,28): error TS7006: Parameter 'action' implicitly has an 'any' type.
19-backend-development/api-design.test.ts(9,8): error TS2835: Relative import paths need explicit file extensions in ECMAScript imports when '--moduleResolution' is 'node16' or 'nodenext'. Did you mean './api-design.js'?
19-backend-development/api-design.test.ts(53,7): error TS7006: Parameter 'item' implicitly has an 'any' type.
19-backend-development/api-design.test.ts(68,7): error TS7006: Parameter 'item' implicitly has an 'any' type.
19-backend-development/express-patterns.test.ts(11,8): error TS2835: Relative import paths need explicit file extensions in ECMAScript imports when '--moduleResolution' is 'node16' or 'nodenext'. Did you mean './express-patterns.js'?
19-backend-development/express-patterns.test.ts(12,54): error TS2835: Relative import paths need explicit file extensions in ECMAScript imports when '--moduleResolution' is 'node16' or 'nodenext'. Did you mean './express-patterns.js'?
19-backend-development/express-patterns.test.ts(77,41): error TS7006: Parameter '_req' implicitly has an 'any' type.
19-backend-development/express-patterns.test.ts(77,47): error TS7006: Parameter '_res' implicitly has an 'any' type.
19-backend-development/express-patterns.test.ts(77,53): error TS7006: Parameter 'next' implicitly has an 'any' type.
19-backend-development/express-patterns.test.ts(120,12): error TS2339: Property 'success' does not exist on type 'TestController'.
19-backend-development/express-patterns.test.ts(123,12): error TS2339: Property 'error' does not exist on type 'TestController'.
19-backend-development/express-patterns.test.ts(126,12): error TS2339: Property 'created' does not exist on type 'TestController'.
19-backend-development/express-patterns.test.ts(129,12): error TS2339: Property 'noContent' does not exist on type 'TestController'.
19-backend-development/websocket-patterns.test.ts(2,50): error TS2835: Relative import paths need explicit file extensions in ECMAScript imports when '--moduleResolution' is 'node16' or 'nodenext'. Did you mean './websocket-patterns.js'?
19-backend-development/websocket-patterns.test.ts(158,5): error TS2578: Unused '@ts-expect-error' directive.
19-backend-development/websocket-patterns.test.ts(170,5): error TS2578: Unused '@ts-expect-error' directive.
20-database-orm/connection-pool.test.ts(6,8): error TS2835: Relative import paths need explicit file extensions in ECMAScript imports when '--moduleResolution' is 'node16' or 'nodenext'. Did you mean './connection-pool.js'?
20-database-orm/connection-pool.test.ts(7,70): error TS2835: Relative import paths need explicit file extensions in ECMAScript imports when '--moduleResolution' is 'node16' or 'nodenext'. Did you mean './connection-pool.js'?
20-database-orm/migration-system.test.ts(5,8): error TS2835: Relative import paths need explicit file extensions in ECMAScript imports when '--moduleResolution' is 'node16' or 'nodenext'. Did you mean './migration-system.js'?
20-database-orm/migration-system.test.ts(6,32): error TS2835: Relative import paths need explicit file extensions in ECMAScript imports when '--moduleResolution' is 'node16' or 'nodenext'. Did you mean './migration-system.js'?
20-database-orm/prisma-patterns.test.ts(7,8): error TS2835: Relative import paths need explicit file extensions in ECMAScript imports when '--moduleResolution' is 'node16' or 'nodenext'. Did you mean './prisma-patterns.js'?
20-database-orm/prisma-patterns.test.ts(8,27): error TS2835: Relative import paths need explicit file extensions in ECMAScript imports when '--moduleResolution' is 'node16' or 'nodenext'. Did you mean './prisma-patterns.js'?
20-database-orm/prisma-patterns.test.ts(13,3): error TS2304: Cannot find name 'beforeEach'.
20-database-orm/sql-query-builder.test.ts(7,8): error TS2835: Relative import paths need explicit file extensions in ECMAScript imports when '--moduleResolution' is 'node16' or 'nodenext'. Did you mean './sql-query-builder.js'?
21-api-security/cors-csrf.test.ts(2,103): error TS2835: Relative import paths need explicit file extensions in ECMAScript imports when '--moduleResolution' is 'node16' or 'nodenext'. Did you mean './cors-csrf.js'?
21-api-security/jwt-auth.test.ts(2,78): error TS2835: Relative import paths need explicit file extensions in ECMAScript imports when '--moduleResolution' is 'node16' or 'nodenext'. Did you mean './jwt-auth.js'?
21-api-security/jwt-auth.test.ts(60,16): error TS2339: Property 'user' does not exist on type '{ request: { headers: { authorization: string; }; params: {}; body: {}; }; }'.
21-api-security/rate-limiter.test.ts(2,133): error TS2835: Relative import paths need explicit file extensions in ECMAScript imports when '--moduleResolution' is 'node16' or 'nodenext'. Did you mean './rate-limiter.js'?
22-deployment-devops/cicd-pipeline.test.ts(2,97): error TS2835: Relative import paths need explicit file extensions in ECMAScript imports when '--moduleResolution' is 'node16' or 'nodenext'. Did you mean './cicd-pipeline.js'?
22-deployment-devops/cicd-pipeline.test.ts(47,23): error TS7006: Parameter 's' implicitly has an 'any' type.
22-deployment-devops/docker-config.test.ts(2,79): error TS2835: Relative import paths need explicit file extensions in ECMAScript imports when '--moduleResolution' is 'node16' or 'nodenext'. Did you mean './docker-config.js'?
23-toolchain-configuration/eslint-prettier.test.ts(2,106): error TS2835: Relative import paths need explicit file extensions in ECMAScript imports when '--moduleResolution' is 'node16' or 'nodenext'. Did you mean './eslint-prettier.js'?
23-toolchain-configuration/vite-config.test.ts(2,48): error TS2835: Relative import paths need explicit file extensions in ECMAScript imports when '--moduleResolution' is 'node16' or 'nodenext'. Did you mean './vite-config.js'?
23-toolchain-configuration/vite-config.test.ts(48,30): error TS7006: Parameter 'p' implicitly has an 'any' type.
24-graphql/schema-builder.test.ts(2,71): error TS2835: Relative import paths need explicit file extensions in ECMAScript imports when '--moduleResolution' is 'node16' or 'nodenext'. Did you mean './schema-builder.js'?
24-graphql/schema-builder.test.ts(38,34): error TS7006: Parameter 's' implicitly has an 'any' type.
24-graphql/schema-builder.test.ts(39,44): error TS7006: Parameter 's' implicitly has an 'any' type.
24-graphql/schema-builder.test.ts(40,37): error TS7006: Parameter 's' implicitly has an 'any' type.
24-graphql/schema-builder.test.ts(84,58): error TS7006: Parameter 'keys' implicitly has an 'any' type.
24-graphql/schema-builder.test.ts(86,23): error TS7006: Parameter 'k' implicitly has an 'any' type.
24-graphql/schema-builder.test.ts(96,58): error TS7006: Parameter 'keys' implicitly has an 'any' type.
24-graphql/schema-builder.test.ts(97,23): error TS7006: Parameter 'k' implicitly has an 'any' type.
25-microservices/service-mesh.test.ts(2,90): error TS2835: Relative import paths need explicit file extensions in ECMAScript imports when '--moduleResolution' is 'node16' or 'nodenext'. Did you mean './service-mesh.js'?
26-event-sourcing/event-store.test.ts(2,58): error TS2835: Relative import paths need explicit file extensions in ECMAScript imports when '--moduleResolution' is 'node16' or 'nodenext'. Did you mean './event-store.js'?
26-event-sourcing/event-store.test.ts(17,32): error TS7006: Parameter 'e' implicitly has an 'any' type.
27-internationalization/i18n-system.test.ts(2,64): error TS2835: Relative import paths need explicit file extensions in ECMAScript imports when '--moduleResolution' is 'node16' or 'nodenext'. Did you mean './i18n-system.js'?
27-internationalization/i18n-system.test.ts(47,39): error TS7006: Parameter 'l' implicitly has an 'any' type.
28-testing-advanced/e2e-testing.test.ts(2,69): error TS2835: Relative import paths need explicit file extensions in ECMAScript imports when '--moduleResolution' is 'node16' or 'nodenext'. Did you mean './e2e-testing.js'?
29-documentation/api-docs-generator.test.ts(2,60): error TS2835: Relative import paths need explicit file extensions in ECMAScript imports when '--moduleResolution' is 'node16' or 'nodenext'. Did you mean './api-docs-generator.js'?
30-real-time-communication/sse-webrtc.test.ts(2,87): error TS2835: Relative import paths need explicit file extensions in ECMAScript imports when '--moduleResolution' is 'node16' or 'nodenext'. Did you mean './sse-webrtc.js'?
30-real-time-communication/sse-webrtc.test.ts(8,42): error TS7006: Parameter 'm' implicitly has an 'any' type.
30-real-time-communication/sse-webrtc.test.ts(31,24): error TS7006: Parameter 'm' implicitly has an 'any' type.
30-real-time-communication/sse-webrtc.test.ts(32,24): error TS7006: Parameter 'm' implicitly has an 'any' type.
30-real-time-communication/sse-webrtc.test.ts(41,24): error TS7006: Parameter 'm' implicitly has an 'any' type.
30-real-time-communication/sse-webrtc.test.ts(68,22): error TS7006: Parameter 'a' implicitly has an 'any' type.
30-real-time-communication/sse-webrtc.test.ts(69,22): error TS7006: Parameter 'a' implicitly has an 'any' type.
31-serverless/serverless-patterns.test.ts(2,73): error TS2835: Relative import paths need explicit file extensions in ECMAScript imports when '--moduleResolution' is 'node16' or 'nodenext'. Did you mean './serverless-patterns.js'?
31-serverless/serverless-patterns.test.ts(46,60): error TS7006: Parameter 'input' implicitly has an 'any' type.
32-edge-computing/edge-runtime.test.ts(2,66): error TS2835: Relative import paths need explicit file extensions in ECMAScript imports when '--moduleResolution' is 'node16' or 'nodenext'. Did you mean './edge-runtime.js'?
33-ai-integration/ai-sdk-patterns.test.ts(2,43): error TS2835: Relative import paths need explicit file extensions in ECMAScript imports when '--moduleResolution' is 'node16' or 'nodenext'. Did you mean './ai-sdk-patterns.js'?
33-ai-integration/ai-sdk-patterns.test.ts(44,23): error TS7006: Parameter 'args' implicitly has an 'any' type.
34-blockchain-web3/web3-patterns.test.ts(2,85): error TS2835: Relative import paths need explicit file extensions in ECMAScript imports when '--moduleResolution' is 'node16' or 'nodenext'. Did you mean './web3-patterns.js'?
35-accessibility-a11y/a11y-utils.test.ts(3,99): error TS2835: Relative import paths need explicit file extensions in ECMAScript imports when '--moduleResolution' is 'node16' or 'nodenext'. Did you mean './a11y-utils.js'?
36-web-assembly/wasm-integration.test.ts(2,94): error TS2835: Relative import paths need explicit file extensions in ECMAScript imports when '--moduleResolution' is 'node16' or 'nodenext'. Did you mean './wasm-integration.js'?
36-web-assembly/wasm-integration.test.ts(14,26): error TS2339: Property 'exports' does not exist on type 'WebAssemblyInstantiatedSource'.
36-web-assembly/wasm-integration.test.ts(64,65): error TS2339: Property 'exports' does not exist on type 'WebAssemblyInstantiatedSource'.
37-pwa/pwa-patterns.test.ts(2,116): error TS2835: Relative import paths need explicit file extensions in ECMAScript imports when '--moduleResolution' is 'node16' or 'nodenext'. Did you mean './pwa-patterns.js'?
38-web-security/xss-csp.test.ts(2,95): error TS2835: Relative import paths need explicit file extensions in ECMAScript imports when '--moduleResolution' is 'node16' or 'nodenext'. Did you mean './xss-csp.js'?
38-web-security/xss-csp.test.ts(49,24): error TS7006: Parameter 'i' implicitly has an 'any' type.
39-performance-monitoring/core-web-vitals.test.ts(2,133): error TS2835: Relative import paths need explicit file extensions in ECMAScript imports when '--moduleResolution' is 'node16' or 'nodenext'. Did you mean './core-web-vitals.js'?
40-type-theory-formal/00-lambda-calculus/simply-typed.test.ts(2,74): error TS2835: Relative import paths need explicit file extensions in ECMAScript imports when '--moduleResolution' is 'node16' or 'nodenext'. Did you mean './simply-typed.js'?
40-type-theory-formal/00-lambda-calculus/untyped-lambda.test.ts(2,58): error TS2835: Relative import paths need explicit file extensions in ECMAScript imports when '--moduleResolution' is 'node16' or 'nodenext'. Did you mean './untyped-lambda.js'?
40-type-theory-formal/01-type-inference/hindley-milner.test.ts(2,76): error TS2835: Relative import paths need explicit file extensions in ECMAScript imports when '--moduleResolution' is 'node16' or 'nodenext'. Did you mean './hindley-milner.js'?
40-type-theory-formal/02-subtyping/structural-subtyping.test.ts(2,88): error TS2835: Relative import paths need explicit file extensions in ECMAScript imports when '--moduleResolution' is 'node16' or 'nodenext'. Did you mean './structural-subtyping.js'?
40-type-theory-formal/03-mini-typescript/emitter.ts(19,8): error TS2835: Relative import paths need explicit file extensions in ECMAScript imports when '--moduleResolution' is 'node16' or 'nodenext'. Did you mean './parser.js'?
40-type-theory-formal/03-mini-typescript/emitter.ts(28,39): error TS7006: Parameter 'p' implicitly has an 'any' type.
40-type-theory-formal/03-mini-typescript/emitter.ts(45,42): error TS7006: Parameter 'p' implicitly has an 'any' type.
40-type-theory-formal/03-mini-typescript/mini-typescript.test.ts(2,23): error TS2835: Relative import paths need explicit file extensions in ECMAScript imports when '--moduleResolution' is 'node16' or 'nodenext'. Did you mean './parser.js'?
40-type-theory-formal/03-mini-typescript/mini-typescript.test.ts(3,40): error TS2835: Relative import paths need explicit file extensions in ECMAScript imports when '--moduleResolution' is 'node16' or 'nodenext'. Did you mean './type-checker.js'?
40-type-theory-formal/03-mini-typescript/mini-typescript.test.ts(4,22): error TS2835: Relative import paths need explicit file extensions in ECMAScript imports when '--moduleResolution' is 'node16' or 'nodenext'. Did you mean './emitter.js'?
40-type-theory-formal/03-mini-typescript/type-checker.ts(20,8): error TS2835: Relative import paths need explicit file extensions in ECMAScript imports when '--moduleResolution' is 'node16' or 'nodenext'. Did you mean './parser.js'?
40-type-theory-formal/03-mini-typescript/type-checker.ts(105,32): error TS7006: Parameter 'p' implicitly has an 'any' type.
40-type-theory-formal/03-mini-typescript/type-checker.ts(161,39): error TS7006: Parameter 'arg' implicitly has an 'any' type.
40-type-theory-formal/03-mini-typescript/type-checker.ts(309,34): error TS7006: Parameter 'p' implicitly has an 'any' type.
40-type-theory-formal/03-mini-typescript/type-checker.ts(350,47): error TS2366: Function lacks ending return statement and return type does not include 'undefined'.
40-type-theory-formal/03-mini-typescript/type-checker.ts(363,41): error TS7006: Parameter 'p' implicitly has an 'any' type.
40-type-theory-formal/index.ts(1,15): error TS2835: Relative import paths need explicit file extensions in ECMAScript imports when '--moduleResolution' is 'node16' or 'nodenext'. Did you mean './00-lambda-calculus/untyped-lambda.js'?
40-type-theory-formal/index.ts(2,15): error TS2835: Relative import paths need explicit file extensions in ECMAScript imports when '--moduleResolution' is 'node16' or 'nodenext'. Did you mean './00-lambda-calculus/simply-typed.js'?
40-type-theory-formal/index.ts(3,15): error TS2835: Relative import paths need explicit file extensions in ECMAScript imports when '--moduleResolution' is 'node16' or 'nodenext'. Did you mean './01-type-inference/hindley-milner.js'?
40-type-theory-formal/index.ts(4,15): error TS2835: Relative import paths need explicit file extensions in ECMAScript imports when '--moduleResolution' is 'node16' or 'nodenext'. Did you mean './02-subtyping/structural-subtyping.js'?
40-type-theory-formal/index.ts(7,25): error TS2307: Cannot find module './03-mini-typescript/mini-typescript.js' or its corresponding type declarations.
41-formal-semantics/00-operational-semantics/big-step.test.ts(2,29): error TS2835: Relative import paths need explicit file extensions in ECMAScript imports when '--moduleResolution' is 'node16' or 'nodenext'. Did you mean './big-step.js'?
41-formal-semantics/00-operational-semantics/big-step.test.ts(17,40): error TS2345: Argument of type '{ kind: "assign"; name: string; expr: { kind: "num"; value: number; }; }' is not assignable to parameter of type '{ kind: "num"; value: number; }'.
  Property 'value' is missing in type '{ kind: "assign"; name: string; expr: { kind: "num"; value: number; }; }' but required in type '{ kind: "num"; value: number; }'.
41-formal-semantics/00-operational-semantics/small-step.test.ts(2,60): error TS2835: Relative import paths need explicit file extensions in ECMAScript imports when '--moduleResolution' is 'node16' or 'nodenext'. Did you mean './small-step.js'?
41-formal-semantics/00-operational-semantics/small-step.test.ts(23,42): error TS2345: Argument of type '{ kind: "assign"; name: string; expr: { kind: "num"; value: number; }; }' is not assignable to parameter of type '{ kind: "num"; value: number; }'.
  Property 'value' is missing in type '{ kind: "assign"; name: string; expr: { kind: "num"; value: number; }; }' but required in type '{ kind: "num"; value: number; }'.
41-formal-semantics/00-operational-semantics/small-step.ts(36,18): error TS2339: Property 'kind' does not exist on type 'Config | { kind: "val"; value: number; store: Store; }'.
  Property 'kind' does not exist on type 'Config'.
41-formal-semantics/00-operational-semantics/small-step.ts(36,102): error TS2339: Property 'value' does not exist on type 'Config | { kind: "val"; value: number; store: Store; }'.
  Property 'value' does not exist on type 'Config'.
41-formal-semantics/00-operational-semantics/small-step.ts(37,50): error TS2339: Property 'expr' does not exist on type 'Config | { kind: "val"; value: number; store: Store; }'.
  Property 'expr' does not exist on type '{ kind: "val"; value: number; store: Store; }'.
41-formal-semantics/00-operational-semantics/small-step.ts(41,18): error TS2339: Property 'kind' does not exist on type 'Config | { kind: "val"; value: number; store: Store; }'.
  Property 'kind' does not exist on type 'Config'.
41-formal-semantics/00-operational-semantics/small-step.ts(41,120): error TS2339: Property 'value' does not exist on type 'Config | { kind: "val"; value: number; store: Store; }'.
  Property 'value' does not exist on type 'Config'.
41-formal-semantics/00-operational-semantics/small-step.ts(42,68): error TS2339: Property 'expr' does not exist on type 'Config | { kind: "val"; value: number; store: Store; }'.
  Property 'expr' does not exist on type '{ kind: "val"; value: number; store: Store; }'.
41-formal-semantics/00-operational-semantics/small-step.ts(49,18): error TS2339: Property 'kind' does not exist on type 'Config | { kind: "val"; value: number; store: Store; }'.
  Property 'kind' does not exist on type 'Config'.
41-formal-semantics/00-operational-semantics/small-step.ts(51,40): error TS2339: Property 'value' does not exist on type 'Config | { kind: "val"; value: number; store: Store; }'.
  Property 'value' does not exist on type 'Config'.
41-formal-semantics/00-operational-semantics/small-step.ts(52,45): error TS2339: Property 'value' does not exist on type 'Config | { kind: "val"; value: number; store: Store; }'.
  Property 'value' does not exist on type 'Config'.
41-formal-semantics/00-operational-semantics/small-step.ts(54,70): error TS2339: Property 'expr' does not exist on type 'Config | { kind: "val"; value: number; store: Store; }'.
  Property 'expr' does not exist on type '{ kind: "val"; value: number; store: Store; }'.
41-formal-semantics/00-operational-semantics/small-step.ts(63,18): error TS2339: Property 'kind' does not exist on type 'Config | { kind: "val"; value: number; store: Store; }'.
  Property 'kind' does not exist on type 'Config'.
41-formal-semantics/00-operational-semantics/small-step.ts(64,51): error TS2339: Property 'expr' does not exist on type 'Config | { kind: "val"; value: number; store: Store; }'.
  Property 'expr' does not exist on type '{ kind: "val"; value: number; store: Store; }'.
41-formal-semantics/00-operational-semantics/small-step.ts(75,17): error TS2339: Property 'kind' does not exist on type 'Config | { kind: "val"; value: number; store: Store; }'.
  Property 'kind' does not exist on type 'Config'.
41-formal-semantics/00-operational-semantics/small-step.ts(76,19): error TS2345: Argument of type 'Config | { kind: "val"; value: number; store: Store; }' is not assignable to parameter of type 'Config'.
  Property 'expr' is missing in type '{ kind: "val"; value: number; store: Store; }' but required in type 'Config'.
41-formal-semantics/00-operational-semantics/small-step.ts(79,14): error TS2339: Property 'kind' does not exist on type 'Config | { kind: "val"; value: number; store: Store; }'.
  Property 'kind' does not exist on type 'Config'.
41-formal-semantics/00-operational-semantics/small-step.ts(80,26): error TS2339: Property 'value' does not exist on type 'Config | { kind: "val"; value: number; store: Store; }'.
  Property 'value' does not exist on type 'Config'.
41-formal-semantics/02-axiomatic-semantics/hoare-logic.test.ts(2,85): error TS2835: Relative import paths need explicit file extensions in ECMAScript imports when '--moduleResolution' is 'node16' or 'nodenext'. Did you mean './hoare-logic.js'?
41-formal-semantics/02-axiomatic-semantics/hoare-logic.ts(51,66): error TS2339: Property 'var' does not exist on type 'Command'.
41-formal-semantics/02-axiomatic-semantics/hoare-logic.ts(51,81): error TS2339: Property 'expr' does not exist on type 'Command'.
41-formal-semantics/02-axiomatic-semantics/hoare-logic.ts(53,35): error TS2339: Property 'second' does not exist on type 'Command'.
41-formal-semantics/02-axiomatic-semantics/hoare-logic.ts(54,25): error TS2339: Property 'first' does not exist on type 'Command'.
41-formal-semantics/index.ts(1,15): error TS2835: Relative import paths need explicit file extensions in ECMAScript imports when '--moduleResolution' is 'node16' or 'nodenext'. Did you mean './00-operational-semantics/small-step.js'?
41-formal-semantics/index.ts(2,15): error TS2835: Relative import paths need explicit file extensions in ECMAScript imports when '--moduleResolution' is 'node16' or 'nodenext'. Did you mean './00-operational-semantics/big-step.js'?
41-formal-semantics/index.ts(3,15): error TS2835: Relative import paths need explicit file extensions in ECMAScript imports when '--moduleResolution' is 'node16' or 'nodenext'. Did you mean './02-axiomatic-semantics/hoare-logic.js'?
50-browser-runtime/dom-virtualization-models.test.ts(2,81): error TS2835: Relative import paths need explicit file extensions in ECMAScript imports when '--moduleResolution' is 'node16' or 'nodenext'. Did you mean './dom-virtualization-models.js'?
50-browser-runtime/dom-virtualization-models.test.ts(34,30): error TS7006: Parameter 'i' implicitly has an 'any' type.
50-browser-runtime/dom-virtualization-models.ts(103,63): error TS2322: Type 'string | number | undefined' is not assignable to type 'string | undefined'.
  Type 'number' is not assignable to type 'string'.
50-browser-runtime/event-loop-architecture.test.ts(2,95): error TS2835: Relative import paths need explicit file extensions in ECMAScript imports when '--moduleResolution' is 'node16' or 'nodenext'. Did you mean './event-loop-architecture.js'?
50-browser-runtime/event-loop-architecture.test.ts(29,40): error TS7006: Parameter 'n' implicitly has an 'any' type.
50-browser-runtime/event-loop-architecture.test.ts(29,93): error TS7006: Parameter 'c' implicitly has an 'any' type.
50-browser-runtime/event-loop-architecture.test.ts(37,44): error TS7006: Parameter 'n' implicitly has an 'any' type.
50-browser-runtime/event-loop-architecture.test.ts(51,43): error TS2769: No overload matches this call.
  Overload 1 of 2, '(callback: () => void): void', gave the following error.
    Argument of type '(value: unknown) => void' is not assignable to parameter of type '() => void'.
      Target signature provides too few arguments. Expected 1 or more, but got 0.
  Overload 2 of 2, '(callback: VoidFunction): void', gave the following error.
    Argument of type '(value: unknown) => void' is not assignable to parameter of type 'VoidFunction'.
      Target signature provides too few arguments. Expected 1 or more, but got 0.
50-browser-runtime/event-loop-architecture.test.ts(52,43): error TS2769: No overload matches this call.
  Overload 1 of 2, '(callback: () => void): void', gave the following error.
    Argument of type '(value: unknown) => void' is not assignable to parameter of type '() => void'.
      Target signature provides too few arguments. Expected 1 or more, but got 0.
  Overload 2 of 2, '(callback: VoidFunction): void', gave the following error.
    Argument of type '(value: unknown) => void' is not assignable to parameter of type 'VoidFunction'.
      Target signature provides too few arguments. Expected 1 or more, but got 0.
50-browser-runtime/event-loop-architecture.test.ts(61,24): error TS7006: Parameter 'deadline' implicitly has an 'any' type.
50-browser-runtime/memory-management-model.test.ts(2,70): error TS2835: Relative import paths need explicit file extensions in ECMAScript imports when '--moduleResolution' is 'node16' or 'nodenext'. Did you mean './memory-management-model.js'?
50-browser-runtime/memory-management-model.test.ts(28,8): error TS7006: Parameter 'item' implicitly has an 'any' type.
50-browser-runtime/rendering-pipeline.test.ts(2,101): error TS2835: Relative import paths need explicit file extensions in ECMAScript imports when '--moduleResolution' is 'node16' or 'nodenext'. Did you mean './rendering-pipeline.js'?
50-browser-runtime/rendering-pipeline.test.ts(11,24): error TS7006: Parameter 'i' implicitly has an 'any' type.
50-browser-runtime/rendering-pipeline.test.ts(12,24): error TS7006: Parameter 'i' implicitly has an 'any' type.
50-browser-runtime/v8-execution-model.test.ts(2,67): error TS2835: Relative import paths need explicit file extensions in ECMAScript imports when '--moduleResolution' is 'node16' or 'nodenext'. Did you mean './v8-execution-model.js'?
51-ui-components/ai-component-system.test.ts(96,22): error TS2304: Cannot find name 'vi'.
51-ui-components/ai-component-system.test.ts(117,22): error TS2304: Cannot find name 'vi'.
51-ui-components/component-communication-patterns.test.ts(2,49): error TS2835: Relative import paths need explicit file extensions in ECMAScript imports when '--moduleResolution' is 'node16' or 'nodenext'. Did you mean './component-communication-patterns.js'?
51-ui-components/component-communication-patterns.test.ts(8,22): error TS7006: Parameter 'p' implicitly has an 'any' type.
51-ui-components/component-communication-patterns.test.ts(18,25): error TS7006: Parameter 'v' implicitly has an 'any' type.
51-ui-components/component-composition-models.test.ts(2,83): error TS2835: Relative import paths need explicit file extensions in ECMAScript imports when '--moduleResolution' is 'node16' or 'nodenext'. Did you mean './component-composition-models.js'?
51-ui-components/component-lifecycle-models.test.ts(2,79): error TS2835: Relative import paths need explicit file extensions in ECMAScript imports when '--moduleResolution' is 'node16' or 'nodenext'. Did you mean './component-lifecycle-models.js'?
51-ui-components/rendering-strategies.test.ts(2,62): error TS2835: Relative import paths need explicit file extensions in ECMAScript imports when '--moduleResolution' is 'node16' or 'nodenext'. Did you mean './rendering-strategies.js'?
51-ui-components/state-management-architectures.test.ts(2,52): error TS2835: Relative import paths need explicit file extensions in ECMAScript imports when '--moduleResolution' is 'node16' or 'nodenext'. Did you mean './state-management-architectures.js'?
51-ui-components/state-management-architectures.test.ts(9,21): error TS7006: Parameter 's' implicitly has an 'any' type.
52-web-rendering/accessibility-models.test.ts(2,49): error TS2835: Relative import paths need explicit file extensions in ECMAScript imports when '--moduleResolution' is 'node16' or 'nodenext'. Did you mean './accessibility-models.js'?
52-web-rendering/animations-motion-models.test.ts(2,53): error TS2835: Relative import paths need explicit file extensions in ECMAScript imports when '--moduleResolution' is 'node16' or 'nodenext'. Did you mean './animations-motion-models.js'?
52-web-rendering/css-layout-models.test.ts(2,75): error TS2835: Relative import paths need explicit file extensions in ECMAScript imports when '--moduleResolution' is 'node16' or 'nodenext'. Did you mean './css-layout-models.js'?
52-web-rendering/input-handling-models.test.ts(2,52): error TS2835: Relative import paths need explicit file extensions in ECMAScript imports when '--moduleResolution' is 'node16' or 'nodenext'. Did you mean './input-handling-models.js'?
52-web-rendering/input-handling-models.test.ts(7,23): error TS7006: Parameter 'r' implicitly has an 'any' type.
52-web-rendering/responsive-design-models.test.ts(2,71): error TS2835: Relative import paths need explicit file extensions in ECMAScript imports when '--moduleResolution' is 'node16' or 'nodenext'. Did you mean './responsive-design-models.js'?
53-app-architecture/data-fetching-patterns.test.ts(2,57): error TS2835: Relative import paths need explicit file extensions in ECMAScript imports when '--moduleResolution' is 'node16' or 'nodenext'. Did you mean './data-fetching-patterns.js'?
53-app-architecture/dependency-injection-models.test.ts(2,58): error TS2835: Relative import paths need explicit file extensions in ECMAScript imports when '--moduleResolution' is 'node16' or 'nodenext'. Did you mean './dependency-injection-models.js'?
53-app-architecture/llm-driven-architecture.test.ts(60,22): error TS2304: Cannot find name 'vi'.
53-app-architecture/llm-driven-architecture.test.ts(82,27): error TS2339: Property 'action' does not exist on type '{ count: number; }'.
53-app-architecture/llm-driven-architecture.test.ts(97,22): error TS2304: Cannot find name 'vi'.
53-app-architecture/module-bundling-models.test.ts(2,80): error TS2835: Relative import paths need explicit file extensions in ECMAScript imports when '--moduleResolution' is 'node16' or 'nodenext'. Did you mean './module-bundling-models.js'?
53-app-architecture/mvc-derivatives.test.ts(2,42): error TS2835: Relative import paths need explicit file extensions in ECMAScript imports when '--moduleResolution' is 'node16' or 'nodenext'. Did you mean './mvc-derivatives.js'?
53-app-architecture/mvc-derivatives.test.ts(16,14): error TS7006: Parameter 's' implicitly has an 'any' type.
53-app-architecture/routing-navigation-models.test.ts(2,58): error TS2835: Relative import paths need explicit file extensions in ECMAScript imports when '--moduleResolution' is 'node16' or 'nodenext'. Did you mean './routing-navigation-models.js'?
54-intelligent-performance/ai-performance-optimizer.test.ts(2,94): error TS2835: Relative import paths need explicit file extensions in ECMAScript imports when '--moduleResolution' is 'node16' or 'nodenext'. Did you mean './ai-performance-optimizer.js'?
54-intelligent-performance/ai-performance-optimizer.test.ts(23,32): error TS7006: Parameter 'p' implicitly has an 'any' type.
54-intelligent-performance/code-optimization-models.test.ts(2,69): error TS2835: Relative import paths need explicit file extensions in ECMAScript imports when '--moduleResolution' is 'node16' or 'nodenext'. Did you mean './code-optimization-models.js'?
54-intelligent-performance/memory-optimization-models.test.ts(2,70): error TS2835: Relative import paths need explicit file extensions in ECMAScript imports when '--moduleResolution' is 'node16' or 'nodenext'. Did you mean './memory-optimization-models.js'?
54-intelligent-performance/network-optimization-models.test.ts(2,80): error TS2835: Relative import paths need explicit file extensions in ECMAScript imports when '--moduleResolution' is 'node16' or 'nodenext'. Did you mean './network-optimization-models.js'?
54-intelligent-performance/rendering-performance-model.test.ts(2,56): error TS2835: Relative import paths need explicit file extensions in ECMAScript imports when '--moduleResolution' is 'node16' or 'nodenext'. Did you mean './rendering-performance-model.js'?
55-ai-testing/ai-test-generator.test.ts(2,33): error TS2835: Relative import paths need explicit file extensions in ECMAScript imports when '--moduleResolution' is 'node16' or 'nodenext'. Did you mean './ai-test-generator.js'?
55-ai-testing/ai-test-generator.test.ts(9,23): error TS7006: Parameter 't' implicitly has an 'any' type.
55-ai-testing/ai-test-generator.test.ts(10,23): error TS7006: Parameter 't' implicitly has an 'any' type.
55-ai-testing/ai-test-generator.test.ts(11,23): error TS7006: Parameter 't' implicitly has an 'any' type.
55-ai-testing/ai-test-generator.test.ts(17,30): error TS7006: Parameter 't' implicitly has an 'any' type.
56-code-generation/ai-code-generator.test.ts(2,33): error TS2835: Relative import paths need explicit file extensions in ECMAScript imports when '--moduleResolution' is 'node16' or 'nodenext'. Did you mean './ai-code-generator.js'?
57-design-system/design-tokens.test.ts(2,36): error TS2835: Relative import paths need explicit file extensions in ECMAScript imports when '--moduleResolution' is 'node16' or 'nodenext'. Did you mean './design-tokens.js'?
57-design-system/design-tokens.test.ts(23,22): error TS2304: Cannot find name 'vi'.
58-data-visualization/chart-architecture.test.ts(3,69): error TS2835: Relative import paths need explicit file extensions in ECMAScript imports when '--moduleResolution' is 'node16' or 'nodenext'. Did you mean './chart-architecture.js'?
59-fullstack-patterns/end-to-end-types.test.ts(2,64): error TS2835: Relative import paths need explicit file extensions in ECMAScript imports when '--moduleResolution' is 'node16' or 'nodenext'. Did you mean './end-to-end-types.js'?
60-developer-experience/cli-ux-patterns.test.ts(2,71): error TS2835: Relative import paths need explicit file extensions in ECMAScript imports when '--moduleResolution' is 'node16' or 'nodenext'. Did you mean './cli-ux-patterns.js'?
60-developer-experience/dev-server.test.ts(2,70): error TS2835: Relative import paths need explicit file extensions in ECMAScript imports when '--moduleResolution' is 'node16' or 'nodenext'. Did you mean './dev-server.js'?
60-developer-experience/error-overlay.test.ts(2,87): error TS2835: Relative import paths need explicit file extensions in ECMAScript imports when '--moduleResolution' is 'node16' or 'nodenext'. Did you mean './error-overlay.js'?
60-developer-experience/fast-refresh.test.ts(2,98): error TS2835: Relative import paths need explicit file extensions in ECMAScript imports when '--moduleResolution' is 'node16' or 'nodenext'. Did you mean './fast-refresh.js'?
60-developer-experience/hot-module-replacement.test.ts(3,66): error TS2835: Relative import paths need explicit file extensions in ECMAScript imports when '--moduleResolution' is 'node16' or 'nodenext'. Did you mean './hot-module-replacement.js'?
60-developer-experience/hot-module-replacement.ts(350,7): error TS2341: Property 'handleUpdate' is private and only accessible within class 'HMRRuntime'.
60-developer-experience/monorepo-tooling.test.ts(2,47): error TS2835: Relative import paths need explicit file extensions in ECMAScript imports when '--moduleResolution' is 'node16' or 'nodenext'. Did you mean './monorepo-tooling.js'?
60-developer-experience/scaffold-generator.test.ts(2,51): error TS2835: Relative import paths need explicit file extensions in ECMAScript imports when '--moduleResolution' is 'node16' or 'nodenext'. Did you mean './scaffold-generator.js'?
60-developer-experience/source-maps.test.ts(2,93): error TS2835: Relative import paths need explicit file extensions in ECMAScript imports when '--moduleResolution' is 'node16' or 'nodenext'. Did you mean './source-maps.js'?
61-api-gateway/authentication.test.ts(2,115): error TS2835: Relative import paths need explicit file extensions in ECMAScript imports when '--moduleResolution' is 'node16' or 'nodenext'. Did you mean './authentication.js'?
61-api-gateway/authentication.ts(61,11): error TS2741: Property 'sub' is missing in type '{ iat: number; exp: number; }' but required in type 'JWTClaims'.
61-api-gateway/caching-layer.test.ts(2,104): error TS2835: Relative import paths need explicit file extensions in ECMAScript imports when '--moduleResolution' is 'node16' or 'nodenext'. Did you mean './caching-layer.js'?
61-api-gateway/gateway-implementation.test.ts(2,72): error TS2835: Relative import paths need explicit file extensions in ECMAScript imports when '--moduleResolution' is 'node16' or 'nodenext'. Did you mean './gateway-implementation.js'?
61-api-gateway/load-balancing.test.ts(8,8): error TS2835: Relative import paths need explicit file extensions in ECMAScript imports when '--moduleResolution' is 'node16' or 'nodenext'. Did you mean './load-balancing.js'?
61-api-gateway/rate-limiting.test.ts(8,8): error TS2835: Relative import paths need explicit file extensions in ECMAScript imports when '--moduleResolution' is 'node16' or 'nodenext'. Did you mean './rate-limiting.js'?
61-api-gateway/request-routing.test.ts(2,68): error TS2835: Relative import paths need explicit file extensions in ECMAScript imports when '--moduleResolution' is 'node16' or 'nodenext'. Did you mean './request-routing.js'?
61-api-gateway/request-routing.test.ts(34,31): error TS7006: Parameter 'req' implicitly has an 'any' type.
61-api-gateway/request-routing.test.ts(42,26): error TS7006: Parameter 'api' implicitly has an 'any' type.
62-message-queue/delay-queue.test.ts(2,64): error TS2835: Relative import paths need explicit file extensions in ECMAScript imports when '--moduleResolution' is 'node16' or 'nodenext'. Did you mean './delay-queue.js'?
62-message-queue/message-broker.test.ts(2,31): error TS2835: Relative import paths need explicit file extensions in ECMAScript imports when '--moduleResolution' is 'node16' or 'nodenext'. Did you mean './message-broker.js'?
62-message-queue/message-broker.test.ts(55,27): error TS7006: Parameter 'msg' implicitly has an 'any' type.
62-message-queue/message-broker.test.ts(55,32): error TS7006: Parameter 'ack' implicitly has an 'any' type.
62-message-queue/pub-sub.test.ts(2,103): error TS2835: Relative import paths need explicit file extensions in ECMAScript imports when '--moduleResolution' is 'node16' or 'nodenext'. Did you mean './pub-sub.js'?
62-message-queue/pub-sub.test.ts(60,42): error TS7006: Parameter 'msg' implicitly has an 'any' type.
62-message-queue/pub-sub.test.ts(61,42): error TS7006: Parameter 'msg' implicitly has an 'any' type.
62-message-queue/queue-implementation.test.ts(2,47): error TS2835: Relative import paths need explicit file extensions in ECMAScript imports when '--moduleResolution' is 'node16' or 'nodenext'. Did you mean './queue-implementation.js'?
62-message-queue/queue-implementation.test.ts(27,38): error TS7006: Parameter 'payload' implicitly has an 'any' type.
62-message-queue/stream-processing.test.ts(2,60): error TS2835: Relative import paths need explicit file extensions in ECMAScript imports when '--moduleResolution' is 'node16' or 'nodenext'. Did you mean './stream-processing.js'?
62-message-queue/stream-processing.test.ts(50,56): error TS7006: Parameter 's' implicitly has an 'any' type.
62-message-queue/stream-processing.test.ts(50,59): error TS7006: Parameter 'e' implicitly has an 'any' type.
62-message-queue/task-queue.test.ts(2,71): error TS2835: Relative import paths need explicit file extensions in ECMAScript imports when '--moduleResolution' is 'node16' or 'nodenext'. Did you mean './task-queue.js'?
62-message-queue/task-queue.test.ts(21,38): error TS7006: Parameter 'task' implicitly has an 'any' type.
63-caching-strategies/cache-aside.test.ts(2,67): error TS2835: Relative import paths need explicit file extensions in ECMAScript imports when '--moduleResolution' is 'node16' or 'nodenext'. Did you mean './cache-aside.js'?
63-caching-strategies/cache-patterns.test.ts(2,97): error TS2835: Relative import paths need explicit file extensions in ECMAScript imports when '--moduleResolution' is 'node16' or 'nodenext'. Did you mean './cache-patterns.js'?
63-caching-strategies/cache-patterns.test.ts(27,48): error TS7006: Parameter 'k' implicitly has an 'any' type.
63-caching-strategies/cache-patterns.test.ts(37,52): error TS7006: Parameter 'k' implicitly has an 'any' type.
63-caching-strategies/cache-patterns.test.ts(47,53): error TS7006: Parameter 'k' implicitly has an 'any' type.
63-caching-strategies/cache-patterns.test.ts(47,56): error TS7006: Parameter 'v' implicitly has an 'any' type.
63-caching-strategies/distributed-cache.test.ts(2,81): error TS2835: Relative import paths need explicit file extensions in ECMAScript imports when '--moduleResolution' is 'node16' or 'nodenext'. Did you mean './distributed-cache.js'?
63-caching-strategies/write-strategies.test.ts(2,88): error TS2835: Relative import paths need explicit file extensions in ECMAScript imports when '--moduleResolution' is 'node16' or 'nodenext'. Did you mean './write-strategies.js'?
63-caching-strategies/write-strategies.ts(392,26): error TS2322: Type 'Promise<Map<string, string>>' is not assignable to type 'void | Promise<void>'.
  Type 'Promise<Map<string, string>>' is not assignable to type 'Promise<void>'.
    Type 'Map<string, string>' is not assignable to type 'void'.
63-caching-strategies/write-strategies.ts(393,26): error TS2322: Type 'Promise<boolean>' is not assignable to type 'void | Promise<void>'.
  Type 'Promise<boolean>' is not assignable to type 'Promise<void>'.
    Type 'boolean' is not assignable to type 'void'.
63-caching-strategies/write-strategies.ts(402,26): error TS2322: Type 'Promise<boolean>' is not assignable to type 'void | Promise<void>'.
  Type 'Promise<boolean>' is not assignable to type 'Promise<void>'.
    Type 'boolean' is not assignable to type 'void'.
64-search-engine/faceted-search.test.ts(2,62): error TS2835: Relative import paths need explicit file extensions in ECMAScript imports when '--moduleResolution' is 'node16' or 'nodenext'. Did you mean './faceted-search.js'?
64-search-engine/faceted-search.test.ts(14,31): error TS7006: Parameter 'v' implicitly has an 'any' type.
64-search-engine/faceted-search.test.ts(15,31): error TS7006: Parameter 'v' implicitly has an 'any' type.
64-search-engine/faceted-search.test.ts(25,31): error TS7006: Parameter 'v' implicitly has an 'any' type.
64-search-engine/faceted-search.test.ts(26,31): error TS7006: Parameter 'v' implicitly has an 'any' type.
64-search-engine/faceted-search.ts(322,13): error TS18046: 'aVal' is of type 'unknown'.
64-search-engine/faceted-search.ts(322,20): error TS18046: 'bVal' is of type 'unknown'.
64-search-engine/faceted-search.ts(323,13): error TS18046: 'aVal' is of type 'unknown'.
64-search-engine/faceted-search.ts(323,20): error TS18046: 'bVal' is of type 'unknown'.
64-search-engine/full-text-search.test.ts(2,58): error TS2835: Relative import paths need explicit file extensions in ECMAScript imports when '--moduleResolution' is 'node16' or 'nodenext'. Did you mean './full-text-search.js'?
64-search-engine/search-implementation.test.ts(2,65): error TS2835: Relative import paths need explicit file extensions in ECMAScript imports when '--moduleResolution' is 'node16' or 'nodenext'. Did you mean './search-implementation.js'?
64-search-engine/search-implementation.test.ts(30,31): error TS7006: Parameter 'f' implicitly has an 'any' type.
64-search-engine/search-suggestions.test.ts(2,62): error TS2835: Relative import paths need explicit file extensions in ECMAScript imports when '--moduleResolution' is 'node16' or 'nodenext'. Did you mean './search-suggestions.js'?
64-search-engine/search-suggestions.test.ts(10,24): error TS7006: Parameter 'r' implicitly has an 'any' type.
64-search-engine/search-suggestions.test.ts(11,24): error TS7006: Parameter 'r' implicitly has an 'any' type.
64-search-engine/search-suggestions.test.ts(49,35): error TS7006: Parameter 's' implicitly has an 'any' type.
65-analytics/analytics-engine.test.ts(2,83): error TS2835: Relative import paths need explicit file extensions in ECMAScript imports when '--moduleResolution' is 'node16' or 'nodenext'. Did you mean './analytics-engine.js'?
65-analytics/event-tracking.test.ts(2,46): error TS2835: Relative import paths need explicit file extensions in ECMAScript imports when '--moduleResolution' is 'node16' or 'nodenext'. Did you mean './event-tracking.js'?
65-analytics/funnel-analysis.test.ts(2,56): error TS2835: Relative import paths need explicit file extensions in ECMAScript imports when '--moduleResolution' is 'node16' or 'nodenext'. Did you mean './funnel-analysis.js'?
66-feature-flags/feature-flag-system.test.ts(2,51): error TS2835: Relative import paths need explicit file extensions in ECMAScript imports when '--moduleResolution' is 'node16' or 'nodenext'. Did you mean './feature-flag-system.js'?
66-feature-flags/feature-toggles.test.ts(2,64): error TS2835: Relative import paths need explicit file extensions in ECMAScript imports when '--moduleResolution' is 'node16' or 'nodenext'. Did you mean './feature-toggles.js'?
67-multi-tenancy/tenant-architecture.test.ts(2,82): error TS2835: Relative import paths need explicit file extensions in ECMAScript imports when '--moduleResolution' is 'node16' or 'nodenext'. Did you mean './tenant-architecture.js'?
67-multi-tenancy/tenant-architecture.test.ts(35,46): error TS7006: Parameter 'v' implicitly has an 'any' type.
68-plugin-system/plugin-architecture.test.ts(2,59): error TS2835: Relative import paths need explicit file extensions in ECMAScript imports when '--moduleResolution' is 'node16' or 'nodenext'. Did you mean './plugin-architecture.js'?
69-cli-framework/cli-builder.test.ts(2,69): error TS2835: Relative import paths need explicit file extensions in ECMAScript imports when '--moduleResolution' is 'node16' or 'nodenext'. Did you mean './cli-builder.js'?
70-distributed-systems/circuit-breaker.test.ts(2,32): error TS2835: Relative import paths need explicit file extensions in ECMAScript imports when '--moduleResolution' is 'node16' or 'nodenext'. Did you mean './circuit-breaker.js'?
70-distributed-systems/circuit-breaker.ts(211,5): error TS2322: Type '(error: Error) => string' is not assignable to type '<T>(error: Error) => T'.
  Type 'string' is not assignable to type 'T'.
    'T' could be instantiated with an arbitrary type which could be unrelated to 'string'.
70-distributed-systems/distributed-primitives.test.ts(2,84): error TS2835: Relative import paths need explicit file extensions in ECMAScript imports when '--moduleResolution' is 'node16' or 'nodenext'. Did you mean './distributed-primitives.js'?
70-distributed-systems/load-balancer.test.ts(2,120): error TS2835: Relative import paths need explicit file extensions in ECMAScript imports when '--moduleResolution' is 'node16' or 'nodenext'. Did you mean './load-balancer.js'?
70-distributed-systems/rate-limiter.test.ts(2,90): error TS2835: Relative import paths need explicit file extensions in ECMAScript imports when '--moduleResolution' is 'node16' or 'nodenext'. Did you mean './rate-limiter.js'?
72-container-orchestration/orchestration-engine.test.ts(2,90): error TS2835: Relative import paths need explicit file extensions in ECMAScript imports when '--moduleResolution' is 'node16' or 'nodenext'. Did you mean './orchestration-engine.js'?
73-service-mesh-advanced/mesh-architecture.test.ts(2,82): error TS2835: Relative import paths need explicit file extensions in ECMAScript imports when '--moduleResolution' is 'node16' or 'nodenext'. Did you mean './mesh-architecture.js'?
74-observability/alerting.test.ts(2,113): error TS2835: Relative import paths need explicit file extensions in ECMAScript imports when '--moduleResolution' is 'node16' or 'nodenext'. Did you mean './alerting.js'?
74-observability/logging.test.ts(2,96): error TS2835: Relative import paths need explicit file extensions in ECMAScript imports when '--moduleResolution' is 'node16' or 'nodenext'. Did you mean './logging.js'?
74-observability/metrics.test.ts(2,92): error TS2835: Relative import paths need explicit file extensions in ECMAScript imports when '--moduleResolution' is 'node16' or 'nodenext'. Did you mean './metrics.js'?
74-observability/observability-stack.test.ts(2,85): error TS2835: Relative import paths need explicit file extensions in ECMAScript imports when '--moduleResolution' is 'node16' or 'nodenext'. Did you mean './observability-stack.js'?
74-observability/tracing.test.ts(2,151): error TS2835: Relative import paths need explicit file extensions in ECMAScript imports when '--moduleResolution' is 'node16' or 'nodenext'. Did you mean './tracing.js'?
75-chaos-engineering/chaos-experiments.test.ts(2,63): error TS2835: Relative import paths need explicit file extensions in ECMAScript imports when '--moduleResolution' is 'node16' or 'nodenext'. Did you mean './chaos-experiments.js'?
75-chaos-engineering/circuit-breaker.test.ts(2,67): error TS2835: Relative import paths need explicit file extensions in ECMAScript imports when '--moduleResolution' is 'node16' or 'nodenext'. Did you mean './circuit-breaker.js'?
75-chaos-engineering/fault-injection.test.ts(2,125): error TS2835: Relative import paths need explicit file extensions in ECMAScript imports when '--moduleResolution' is 'node16' or 'nodenext'. Did you mean './fault-injection.js'?
75-chaos-engineering/retry-mechanisms.test.ts(2,119): error TS2835: Relative import paths need explicit file extensions in ECMAScript imports when '--moduleResolution' is 'node16' or 'nodenext'. Did you mean './retry-mechanisms.js'?
76-ml-engineering/feature-store.test.ts(2,116): error TS2835: Relative import paths need explicit file extensions in ECMAScript imports when '--moduleResolution' is 'node16' or 'nodenext'. Did you mean './feature-store.js'?
76-ml-engineering/ml-pipeline.test.ts(2,98): error TS2835: Relative import paths need explicit file extensions in ECMAScript imports when '--moduleResolution' is 'node16' or 'nodenext'. Did you mean './ml-pipeline.js'?
76-ml-engineering/model-serving.test.ts(2,66): error TS2835: Relative import paths need explicit file extensions in ECMAScript imports when '--moduleResolution' is 'node16' or 'nodenext'. Did you mean './model-serving.js'?
78-metaprogramming/code-generation.test.ts(2,107): error TS2835: Relative import paths need explicit file extensions in ECMAScript imports when '--moduleResolution' is 'node16' or 'nodenext'. Did you mean './code-generation.js'?
78-metaprogramming/decorators.test.ts(2,244): error TS2835: Relative import paths need explicit file extensions in ECMAScript imports when '--moduleResolution' is 'node16' or 'nodenext'. Did you mean './decorators.js'?
78-metaprogramming/decorators.ts(312,74): error TS2683: 'this' implicitly has type 'any' because it does not have a type annotation.
78-metaprogramming/decorators.ts(493,80): error TS2683: 'this' implicitly has type 'any' because it does not have a type annotation.
78-metaprogramming/meta-techniques.test.ts(2,195): error TS2835: Relative import paths need explicit file extensions in ECMAScript imports when '--moduleResolution' is 'node16' or 'nodenext'. Did you mean './meta-techniques.js'?
78-metaprogramming/reflection.test.ts(2,103): error TS2835: Relative import paths need explicit file extensions in ECMAScript imports when '--moduleResolution' is 'node16' or 'nodenext'. Did you mean './reflection.js'?
79-compiler-design/ast.test.ts(2,46): error TS2835: Relative import paths need explicit file extensions in ECMAScript imports when '--moduleResolution' is 'node16' or 'nodenext'. Did you mean './ast.js'?
79-compiler-design/ast.ts(151,18): error TS2430: Interface 'VariableDeclarator' incorrectly extends interface 'Node'.
  Types of property 'type' are incompatible.
    Type '"VariableDeclarator"' is not assignable to type 'NodeType'. Did you mean '"VariableDeclaration"'?
79-compiler-design/ast.ts(173,18): error TS2430: Interface 'ClassBody' incorrectly extends interface 'Node'.
  Types of property 'type' are incompatible.
    Type '"ClassBody"' is not assignable to type 'NodeType'.
79-compiler-design/ast.ts(434,18): error TS2430: Interface 'FunctionExpression' incorrectly extends interface 'Node'.
  Types of property 'type' are incompatible.
    Type '"FunctionExpression"' is not assignable to type 'NodeType'. Did you mean '"ArrowFunctionExpression"'?
79-compiler-design/ast.ts(762,33): error TS2345: Argument of type 'string' is not assignable to parameter of type 'NodeType'.
79-compiler-design/code-gen.test.ts(2,57): error TS2835: Relative import paths need explicit file extensions in ECMAScript imports when '--moduleResolution' is 'node16' or 'nodenext'. Did you mean './code-gen.js'?
79-compiler-design/code-gen.ts(18,3): error TS1484: 'Node' is a type and must be imported using a type-only import when 'verbatimModuleSyntax' is enabled.
79-compiler-design/code-gen.ts(18,9): error TS1484: 'Program' is a type and must be imported using a type-only import when 'verbatimModuleSyntax' is enabled.
79-compiler-design/code-gen.ts(18,18): error TS1484: 'Statement' is a type and must be imported using a type-only import when 'verbatimModuleSyntax' is enabled.
79-compiler-design/code-gen.ts(18,29): error TS1484: 'Expression' is a type and must be imported using a type-only import when 'verbatimModuleSyntax' is enabled.
79-compiler-design/code-gen.ts(19,3): error TS1484: 'VariableDeclaration' is a type and must be imported using a type-only import when 'verbatimModuleSyntax' is enabled.
79-compiler-design/code-gen.ts(19,24): error TS1484: 'FunctionDeclaration' is a type and must be imported using a type-only import when 'verbatimModuleSyntax' is enabled.
79-compiler-design/code-gen.ts(19,45): error TS1484: 'ClassDeclaration' is a type and must be imported using a type-only import when 'verbatimModuleSyntax' is enabled.
79-compiler-design/code-gen.ts(20,3): error TS1484: 'BlockStatement' is a type and must be imported using a type-only import when 'verbatimModuleSyntax' is enabled.
79-compiler-design/code-gen.ts(20,19): error TS1484: 'ExpressionStatement' is a type and must be imported using a type-only import when 'verbatimModuleSyntax' is enabled.
79-compiler-design/code-gen.ts(20,40): error TS1484: 'IfStatement' is a type and must be imported using a type-only import when 'verbatimModuleSyntax' is enabled.
79-compiler-design/code-gen.ts(21,3): error TS1484: 'WhileStatement' is a type and must be imported using a type-only import when 'verbatimModuleSyntax' is enabled.
79-compiler-design/code-gen.ts(21,19): error TS1484: 'ForStatement' is a type and must be imported using a type-only import when 'verbatimModuleSyntax' is enabled.
79-compiler-design/code-gen.ts(21,33): error TS1484: 'ReturnStatement' is a type and must be imported using a type-only import when 'verbatimModuleSyntax' is enabled.
79-compiler-design/code-gen.ts(22,3): error TS1484: 'BinaryExpression' is a type and must be imported using a type-only import when 'verbatimModuleSyntax' is enabled.
79-compiler-design/code-gen.ts(22,21): error TS1484: 'UnaryExpression' is a type and must be imported using a type-only import when 'verbatimModuleSyntax' is enabled.
79-compiler-design/code-gen.ts(22,38): error TS1484: 'AssignmentExpression' is a type and must be imported using a type-only import when 'verbatimModuleSyntax' is enabled.
79-compiler-design/code-gen.ts(23,3): error TS1484: 'CallExpression' is a type and must be imported using a type-only import when 'verbatimModuleSyntax' is enabled.
79-compiler-design/code-gen.ts(23,19): error TS1484: 'MemberExpression' is a type and must be imported using a type-only import when 'verbatimModuleSyntax' is enabled.
79-compiler-design/code-gen.ts(23,37): error TS1484: 'ArrayExpression' is a type and must be imported using a type-only import when 'verbatimModuleSyntax' is enabled.
79-compiler-design/code-gen.ts(23,54): error TS1484: 'ObjectExpression' is a type and must be imported using a type-only import when 'verbatimModuleSyntax' is enabled.
79-compiler-design/code-gen.ts(24,3): error TS1484: 'ArrowFunctionExpression' is a type and must be imported using a type-only import when 'verbatimModuleSyntax' is enabled.
79-compiler-design/code-gen.ts(24,28): error TS1484: 'FunctionExpression' is a type and must be imported using a type-only import when 'verbatimModuleSyntax' is enabled.
79-compiler-design/code-gen.ts(25,3): error TS1484: 'Identifier' is a type and must be imported using a type-only import when 'verbatimModuleSyntax' is enabled.
79-compiler-design/code-gen.ts(25,15): error TS1484: 'Literal' is a type and must be imported using a type-only import when 'verbatimModuleSyntax' is enabled.
79-compiler-design/code-gen.ts(25,24): error TS1484: 'ThisExpression' is a type and must be imported using a type-only import when 'verbatimModuleSyntax' is enabled.
79-compiler-design/code-gen.ts(26,3): error TS1484: 'Property' is a type and must be imported using a type-only import when 'verbatimModuleSyntax' is enabled.
79-compiler-design/code-gen.ts(26,13): error TS1484: 'Pattern' is a type and must be imported using a type-only import when 'verbatimModuleSyntax' is enabled.
79-compiler-design/code-gen.ts(26,22): error TS1484: 'ArrayPattern' is a type and must be imported using a type-only import when 'verbatimModuleSyntax' is enabled.
79-compiler-design/code-gen.ts(26,36): error TS1484: 'ObjectPattern' is a type and must be imported using a type-only import when 'verbatimModuleSyntax' is enabled.
79-compiler-design/code-gen.ts(27,3): error TS1484: 'ImportDeclaration' is a type and must be imported using a type-only import when 'verbatimModuleSyntax' is enabled.
79-compiler-design/code-gen.ts(27,22): error TS1484: 'ExportNamedDeclaration' is a type and must be imported using a type-only import when 'verbatimModuleSyntax' is enabled.
79-compiler-design/code-gen.ts(27,46): error TS1484: 'ExportDefaultDeclaration' is a type and must be imported using a type-only import when 'verbatimModuleSyntax' is enabled.
79-compiler-design/code-gen.ts(250,12): error TS2678: Type '"FunctionExpression"' is not comparable to type 'NodeType'.
79-compiler-design/code-gen.ts(251,41): error TS2352: Conversion of type 'Node' to type 'FunctionExpression' may be a mistake because neither type sufficiently overlaps with the other. If this was intentional, convert the expression to 'unknown' first.
  Type 'Node' is missing the following properties from type 'FunctionExpression': id, params, body, generator, async
79-compiler-design/code-gen.ts(294,27): error TS2345: Argument of type 'Expression' is not assignable to parameter of type 'Node'.
  Type 'FunctionExpression' is not assignable to type 'Node'.
    Types of property 'type' are incompatible.
      Type '"FunctionExpression"' is not assignable to type 'NodeType'. Did you mean '"ArrowFunctionExpression"'?
79-compiler-design/code-gen.ts(330,25): error TS2345: Argument of type 'Expression' is not assignable to parameter of type 'Node'.
  Type 'FunctionExpression' is not assignable to type 'Node'.
    Types of property 'type' are incompatible.
      Type '"FunctionExpression"' is not assignable to type 'NodeType'. Did you mean '"ArrowFunctionExpression"'?
79-compiler-design/code-gen.ts(343,25): error TS2345: Argument of type 'Expression' is not assignable to parameter of type 'Node'.
  Type 'FunctionExpression' is not assignable to type 'Node'.
    Types of property 'type' are incompatible.
      Type '"FunctionExpression"' is not assignable to type 'NodeType'. Did you mean '"ArrowFunctionExpression"'?
79-compiler-design/code-gen.ts(373,23): error TS2345: Argument of type 'Expression' is not assignable to parameter of type 'Node'.
  Type 'FunctionExpression' is not assignable to type 'Node'.
    Types of property 'type' are incompatible.
      Type '"FunctionExpression"' is not assignable to type 'NodeType'. Did you mean '"ArrowFunctionExpression"'?
79-compiler-design/code-gen.ts(381,23): error TS2345: Argument of type 'Expression' is not assignable to parameter of type 'Node'.
  Type 'FunctionExpression' is not assignable to type 'Node'.
    Types of property 'type' are incompatible.
      Type '"FunctionExpression"' is not assignable to type 'NodeType'. Did you mean '"ArrowFunctionExpression"'?
79-compiler-design/code-gen.ts(393,23): error TS2345: Argument of type 'Expression' is not assignable to parameter of type 'Node'.
  Type 'FunctionExpression' is not assignable to type 'Node'.
    Types of property 'type' are incompatible.
      Type '"FunctionExpression"' is not assignable to type 'NodeType'. Did you mean '"ArrowFunctionExpression"'?
79-compiler-design/code-gen.ts(407,29): error TS2345: Argument of type 'Expression' is not assignable to parameter of type 'Node'.
  Type 'FunctionExpression' is not assignable to type 'Node'.
    Types of property 'type' are incompatible.
      Type '"FunctionExpression"' is not assignable to type 'NodeType'. Did you mean '"ArrowFunctionExpression"'?
79-compiler-design/code-gen.ts(410,27): error TS2345: Argument of type 'Expression' is not assignable to parameter of type 'Node'.
  Type 'FunctionExpression' is not assignable to type 'Node'.
    Types of property 'type' are incompatible.
      Type '"FunctionExpression"' is not assignable to type 'NodeType'. Did you mean '"ArrowFunctionExpression"'?
79-compiler-design/code-gen.ts(415,38): error TS2345: Argument of type 'Expression' is not assignable to parameter of type 'Node'.
  Type 'FunctionExpression' is not assignable to type 'Node'.
    Types of property 'type' are incompatible.
      Type '"FunctionExpression"' is not assignable to type 'NodeType'. Did you mean '"ArrowFunctionExpression"'?
79-compiler-design/code-gen.ts(418,40): error TS2345: Argument of type 'Expression' is not assignable to parameter of type 'Node'.
  Type 'FunctionExpression' is not assignable to type 'Node'.
    Types of property 'type' are incompatible.
      Type '"FunctionExpression"' is not assignable to type 'NodeType'. Did you mean '"ArrowFunctionExpression"'?
79-compiler-design/code-gen.ts(428,25): error TS2345: Argument of type 'Expression' is not assignable to parameter of type 'Node'.
  Type 'FunctionExpression' is not assignable to type 'Node'.
    Types of property 'type' are incompatible.
      Type '"FunctionExpression"' is not assignable to type 'NodeType'. Did you mean '"ArrowFunctionExpression"'?
79-compiler-design/code-gen.ts(438,23): error TS2345: Argument of type 'Expression' is not assignable to parameter of type 'Node'.
  Type 'FunctionExpression' is not assignable to type 'Node'.
    Types of property 'type' are incompatible.
      Type '"FunctionExpression"' is not assignable to type 'NodeType'. Did you mean '"ArrowFunctionExpression"'?
79-compiler-design/code-gen.ts(440,23): error TS2345: Argument of type 'Expression' is not assignable to parameter of type 'Node'.
  Type 'FunctionExpression' is not assignable to type 'Node'.
    Types of property 'type' are incompatible.
      Type '"FunctionExpression"' is not assignable to type 'NodeType'. Did you mean '"ArrowFunctionExpression"'?
79-compiler-design/code-gen.ts(446,23): error TS2345: Argument of type 'Expression' is not assignable to parameter of type 'Node'.
  Type 'FunctionExpression' is not assignable to type 'Node'.
    Types of property 'type' are incompatible.
      Type '"FunctionExpression"' is not assignable to type 'NodeType'. Did you mean '"ArrowFunctionExpression"'?
79-compiler-design/code-gen.ts(452,23): error TS2345: Argument of type 'Expression' is not assignable to parameter of type 'Node'.
  Type 'FunctionExpression' is not assignable to type 'Node'.
    Types of property 'type' are incompatible.
      Type '"FunctionExpression"' is not assignable to type 'NodeType'. Did you mean '"ArrowFunctionExpression"'?
79-compiler-design/code-gen.ts(456,23): error TS2345: Argument of type 'Expression' is not assignable to parameter of type 'Node'.
  Type 'FunctionExpression' is not assignable to type 'Node'.
    Types of property 'type' are incompatible.
      Type '"FunctionExpression"' is not assignable to type 'NodeType'. Did you mean '"ArrowFunctionExpression"'?
79-compiler-design/code-gen.ts(459,25): error TS2345: Argument of type 'Expression' is not assignable to parameter of type 'Node'.
  Type 'FunctionExpression' is not assignable to type 'Node'.
    Types of property 'type' are incompatible.
      Type '"FunctionExpression"' is not assignable to type 'NodeType'. Did you mean '"ArrowFunctionExpression"'?
79-compiler-design/code-gen.ts(468,23): error TS2345: Argument of type 'Expression' is not assignable to parameter of type 'Node'.
  Type 'FunctionExpression' is not assignable to type 'Node'.
    Types of property 'type' are incompatible.
      Type '"FunctionExpression"' is not assignable to type 'NodeType'. Did you mean '"ArrowFunctionExpression"'?
79-compiler-design/code-gen.ts(471,25): error TS2345: Argument of type 'Expression' is not assignable to parameter of type 'Node'.
  Type 'FunctionExpression' is not assignable to type 'Node'.
    Types of property 'type' are incompatible.
      Type '"FunctionExpression"' is not assignable to type 'NodeType'. Did you mean '"ArrowFunctionExpression"'?
79-compiler-design/code-gen.ts(475,25): error TS2345: Argument of type 'Expression' is not assignable to parameter of type 'Node'.
  Type 'FunctionExpression' is not assignable to type 'Node'.
    Types of property 'type' are incompatible.
      Type '"FunctionExpression"' is not assignable to type 'NodeType'. Did you mean '"ArrowFunctionExpression"'?
79-compiler-design/code-gen.ts(483,27): error TS2345: Argument of type 'Expression | SpreadElement' is not assignable to parameter of type 'Node'.
  Type 'FunctionExpression' is not assignable to type 'Node'.
    Types of property 'type' are incompatible.
      Type '"FunctionExpression"' is not assignable to type 'NodeType'. Did you mean '"ArrowFunctionExpression"'?
79-compiler-design/code-gen.ts(515,25): error TS2345: Argument of type 'Expression' is not assignable to parameter of type 'Node'.
  Type 'FunctionExpression' is not assignable to type 'Node'.
    Types of property 'type' are incompatible.
      Type '"FunctionExpression"' is not assignable to type 'NodeType'. Did you mean '"ArrowFunctionExpression"'?
79-compiler-design/code-gen.ts(518,25): error TS2345: Argument of type 'Expression' is not assignable to parameter of type 'Node'.
  Type 'FunctionExpression' is not assignable to type 'Node'.
    Types of property 'type' are incompatible.
      Type '"FunctionExpression"' is not assignable to type 'NodeType'. Did you mean '"ArrowFunctionExpression"'?
79-compiler-design/code-gen.ts(520,25): error TS2345: Argument of type 'Expression' is not assignable to parameter of type 'Node'.
  Type 'FunctionExpression' is not assignable to type 'Node'.
    Types of property 'type' are incompatible.
      Type '"FunctionExpression"' is not assignable to type 'NodeType'. Did you mean '"ArrowFunctionExpression"'?
79-compiler-design/code-gen.ts(522,25): error TS2345: Argument of type 'Expression' is not assignable to parameter of type 'Node'.
  Type 'FunctionExpression' is not assignable to type 'Node'.
    Types of property 'type' are incompatible.
      Type '"FunctionExpression"' is not assignable to type 'NodeType'. Did you mean '"ArrowFunctionExpression"'?
79-compiler-design/code-gen.ts(538,25): error TS2345: Argument of type 'Expression' is not assignable to parameter of type 'Node'.
  Type 'FunctionExpression' is not assignable to type 'Node'.
    Types of property 'type' are incompatible.
      Type '"FunctionExpression"' is not assignable to type 'NodeType'. Did you mean '"ArrowFunctionExpression"'?
79-compiler-design/code-gen.ts(640,23): error TS2345: Argument of type 'Declaration | Expression' is not assignable to parameter of type 'Node'.
  Type 'FunctionExpression' is not assignable to type 'Node'.
    Types of property 'type' are incompatible.
      Type '"FunctionExpression"' is not assignable to type 'NodeType'. Did you mean '"ArrowFunctionExpression"'?
79-compiler-design/compiler-pipeline.test.ts(2,63): error TS2835: Relative import paths need explicit file extensions in ECMAScript imports when '--moduleResolution' is 'node16' or 'nodenext'. Did you mean './compiler-pipeline.js'?
79-compiler-design/lexer.test.ts(2,45): error TS2835: Relative import paths need explicit file extensions in ECMAScript imports when '--moduleResolution' is 'node16' or 'nodenext'. Did you mean './lexer.js'?
79-compiler-design/parser.test.ts(2,44): error TS2835: Relative import paths need explicit file extensions in ECMAScript imports when '--moduleResolution' is 'node16' or 'nodenext'. Did you mean './parser.js'?
79-compiler-design/parser.ts(17,10): error TS1484: 'Token' is a type and must be imported using a type-only import when 'verbatimModuleSyntax' is enabled.
79-compiler-design/parser.ts(999,23): error TS2339: Property 'name' does not exist on type '{ id: IdentifierNode; init: ExpressionNode | null; }'.
81-cybersecurity/hash-functions.test.ts(2,103): error TS2835: Relative import paths need explicit file extensions in ECMAScript imports when '--moduleResolution' is 'node16' or 'nodenext'. Did you mean './hash-functions.js'?
81-cybersecurity/jwt-auth.test.ts(2,46): error TS2835: Relative import paths need explicit file extensions in ECMAScript imports when '--moduleResolution' is 'node16' or 'nodenext'. Did you mean './jwt-auth.js'?
81-cybersecurity/jwt-security.test.ts(2,42): error TS2835: Relative import paths need explicit file extensions in ECMAScript imports when '--moduleResolution' is 'node16' or 'nodenext'. Did you mean './jwt-security.js'?
81-cybersecurity/secure-headers.test.ts(2,89): error TS2835: Relative import paths need explicit file extensions in ECMAScript imports when '--moduleResolution' is 'node16' or 'nodenext'. Did you mean './secure-headers.js'?
81-cybersecurity/security-framework.test.ts(2,100): error TS2835: Relative import paths need explicit file extensions in ECMAScript imports when '--moduleResolution' is 'node16' or 'nodenext'. Did you mean './security-framework.js'?
81-cybersecurity/threat-modeling.test.ts(2,39): error TS2835: Relative import paths need explicit file extensions in ECMAScript imports when '--moduleResolution' is 'node16' or 'nodenext'. Did you mean './threat-modeling.js'?
82-edge-ai/edge-inference.test.ts(2,133): error TS2835: Relative import paths need explicit file extensions in ECMAScript imports when '--moduleResolution' is 'node16' or 'nodenext'. Did you mean './edge-inference.js'?
82-edge-ai/federated-learning.test.ts(2,75): error TS2835: Relative import paths need explicit file extensions in ECMAScript imports when '--moduleResolution' is 'node16' or 'nodenext'. Did you mean './federated-learning.js'?
82-edge-ai/model-quantization.test.ts(2,77): error TS2835: Relative import paths need explicit file extensions in ECMAScript imports when '--moduleResolution' is 'node16' or 'nodenext'. Did you mean './model-quantization.js'?
82-edge-ai/onnx-runtime-bridge.test.ts(2,52): error TS2835: Relative import paths need explicit file extensions in ECMAScript imports when '--moduleResolution' is 'node16' or 'nodenext'. Did you mean './onnx-runtime-bridge.js'?
83-blockchain-advanced/smart-contracts.test.ts(2,95): error TS2835: Relative import paths need explicit file extensions in ECMAScript imports when '--moduleResolution' is 'node16' or 'nodenext'. Did you mean './smart-contracts.js'?
84-webxr/xr-engine.test.ts(2,122): error TS2835: Relative import paths need explicit file extensions in ECMAScript imports when '--moduleResolution' is 'node16' or 'nodenext'. Did you mean './xr-engine.js'?
85-nlp-engineering/nlp-pipeline.test.ts(2,130): error TS2835: Relative import paths need explicit file extensions in ECMAScript imports when '--moduleResolution' is 'node16' or 'nodenext'. Did you mean './nlp-pipeline.js'?
86-graph-database/graph-engine.test.ts(2,95): error TS2835: Relative import paths need explicit file extensions in ECMAScript imports when '--moduleResolution' is 'node16' or 'nodenext'. Did you mean './graph-engine.js'?
86-tanstack-start-cloudflare/01-basic-setup/vite.config.ts(11,23): error TS2307: Cannot find module '@vitejs/plugin-react' or its corresponding type declarations.
86-tanstack-start-cloudflare/02-server-functions/api-server-fn.ts(8,32): error TS2307: Cannot find module '@tanstack/react-start/server' or its corresponding type declarations.
86-tanstack-start-cloudflare/02-server-functions/api-server-fn.ts(36,21): error TS7031: Binding element 'data' implicitly has an 'any' type.
86-tanstack-start-cloudflare/02-server-functions/d1-example.ts(8,32): error TS2307: Cannot find module '@tanstack/react-start/server' or its corresponding type declarations.
86-tanstack-start-cloudflare/02-server-functions/d1-example.ts(9,21): error TS2307: Cannot find module 'cloudflare:workers' or its corresponding type declarations.
86-tanstack-start-cloudflare/02-server-functions/d1-example.ts(32,27): error TS7031: Binding element 'id' implicitly has an 'any' type.
86-tanstack-start-cloudflare/02-server-functions/d1-example.ts(47,21): error TS7031: Binding element 'data' implicitly has an 'any' type.
86-tanstack-start-cloudflare/02-server-functions/kv-example.ts(7,32): error TS2307: Cannot find module '@tanstack/react-start/server' or its corresponding type declarations.
86-tanstack-start-cloudflare/02-server-functions/kv-example.ts(8,21): error TS2307: Cannot find module 'cloudflare:workers' or its corresponding type declarations.
86-tanstack-start-cloudflare/02-server-functions/kv-example.ts(20,27): error TS7031: Binding element 'key' implicitly has an 'any' type.
86-tanstack-start-cloudflare/02-server-functions/kv-example.ts(36,21): error TS7031: Binding element 'data' implicitly has an 'any' type.
86-tanstack-start-cloudflare/02-server-functions/kv-example.ts(54,27): error TS7031: Binding element 'key' implicitly has an 'any' type.
86-tanstack-start-cloudflare/03-auth/auth-config.ts(8,28): error TS2307: Cannot find module 'better-auth' or its corresponding type declarations.
86-tanstack-start-cloudflare/03-auth/auth-config.ts(9,32): error TS2307: Cannot find module 'better-auth/adapters/drizzle' or its corresponding type declarations.
86-tanstack-start-cloudflare/03-auth/auth-config.ts(10,25): error TS2307: Cannot find module 'drizzle-orm/d1' or its corresponding type declarations.
86-tanstack-start-cloudflare/03-auth/auth-config.ts(11,21): error TS2307: Cannot find module 'cloudflare:workers' or its corresponding type declarations.
86-tanstack-start-cloudflare/03-auth/drizzle-schema.ts(7,44): error TS2307: Cannot find module 'drizzle-orm/sqlite-core' or its corresponding type declarations.
86-tanstack-start-cloudflare/04-performance/router-preload.ts(7,30): error TS2307: Cannot find module '@tanstack/react-router' or its corresponding type declarations.
86-tanstack-start-cloudflare/04-performance/ssr-streaming.ts(11,8): error TS2307: Cannot find module '@tanstack/react-start/server' or its corresponding type declarations.
86-tanstack-start-cloudflare/04-performance/ssr-streaming.ts(12,35): error TS2307: Cannot find module '@tanstack/react-start/router-manifest' or its corresponding type declarations.
86-tanstack-start-cloudflare/04-performance/ssr-streaming.ts(38,15): error TS7031: Binding element 'request' implicitly has an 'any' type.
86-tanstack-start-cloudflare/04-performance/ssr-streaming.ts(38,24): error TS7031: Binding element 'router' implicitly has an 'any' type.
86-tanstack-start-cloudflare/04-performance/ssr-streaming.ts(38,32): error TS7031: Binding element 'responseHeaders' implicitly has an 'any' type.
87-realtime-analytics/streaming-analytics.test.ts(2,98): error TS2835: Relative import paths need explicit file extensions in ECMAScript imports when '--moduleResolution' is 'node16' or 'nodenext'. Did you mean './streaming-analytics.js'?
88-lowcode-platform/lowcode-engine.test.ts(2,103): error TS2835: Relative import paths need explicit file extensions in ECMAScript imports when '--moduleResolution' is 'node16' or 'nodenext'. Did you mean './lowcode-engine.js'?
89-autonomous-systems/autonomous-agents.test.ts(2,90): error TS2835: Relative import paths need explicit file extensions in ECMAScript imports when '--moduleResolution' is 'node16' or 'nodenext'. Did you mean './autonomous-agents.js'?
89-autonomous-systems/bdi-agent.test.ts(2,32): error TS2835: Relative import paths need explicit file extensions in ECMAScript imports when '--moduleResolution' is 'node16' or 'nodenext'. Did you mean './bdi-agent.js'?
89-autonomous-systems/behavior-tree.test.ts(2,147): error TS2835: Relative import paths need explicit file extensions in ECMAScript imports when '--moduleResolution' is 'node16' or 'nodenext'. Did you mean './behavior-tree.js'?
debug-search.ts(1,60): error TS2835: Relative import paths need explicit file extensions in ECMAScript imports when '--moduleResolution' is 'node16' or 'nodenext'. Did you mean './64-search-engine/full-text-search.js'?
